causal update 50 loss [0.00033290425199083984, 0.00027250591034236885, 8.39769501661279e-05, 0.0009125206161721307]
causal update 100 loss [0.0003258816141169518, 0.00029550517012457247, 8.382528408308136e-05, 0.0009471778439677078]
causal update 150 loss [0.00032568900496698916, 0.0002648001529738054, 8.369329260559775e-05, 0.0008910063199145953]
causal update 200 loss [0.0003256576310377568, 0.00026538918477709834, 8.355700588090618e-05, 0.0008919100025480652]
causal update 250 loss [0.0003254969487898052, 0.0002694801114985952, 8.345909261647286e-05, 0.0008990920695903904]
causal update 300 loss [0.0003253122267778963, 0.00027441341694194797, 8.336927606299455e-05, 0.0009077903295086367]
causal update 350 loss [0.00032510870369151235, 0.000304884396142154, 8.322336917205633e-05, 0.0009628621498678076]
causal update 400 loss [0.0003249221481382847, 0.0002677362632994614, 8.309282348653424e-05, 0.0008949792524568679]
causal update 450 loss [0.0003246875130571425, 0.0002703665886059033, 8.299215627387534e-05, 0.0008994280405041392]
causal update 500 loss [0.00032433256274089217, 0.00030219933396319766, 8.29002691324029e-05, 0.0009568792619749762]
causal update 550 loss [0.0003240893129259348, 0.0002534025825378217, 8.280358694152116e-05, 0.0008677867841915764]
causal update 600 loss [0.00032382653444074094, 0.0002750961629767731, 8.273065105237929e-05, 0.0009069078048405065]
causal update 650 loss [0.00032360153272747993, 0.0002600297283092601, 8.266643260064758e-05, 0.0008792154401326234]
causal update 700 loss [0.0003232169838156551, 0.0002695056784544131, 8.253852850958132e-05, 0.0008959380422200229]
causal update 750 loss [0.0003229268186260015, 0.00028396580798936374, 8.247656895684864e-05, 0.0009218863016428162]
causal update 800 loss [0.000322672858601436, 0.0002586540255930429, 8.239295520605665e-05, 0.0008755111319164942]
causal update 850 loss [0.00032236025435850024, 0.00028560936044493733, 8.233322615968758e-05, 0.0009241657219470915]
causal update 900 loss [0.00032206796458922327, 0.00030210534263450746, 8.224898947414566e-05, 0.0009537924307827326]
causal update 950 loss [0.00032181263668462634, 0.00025300168430980374, 8.215087382036357e-05, 0.0008641282327989552]
causal update 1000 loss [0.00032150474726222456, 0.0002689869051464888, 8.207367152300269e-05, 0.0008928173930043837]
causal update 1050 loss [0.0003213122836314142, 0.00024866453151138824, 8.196824075173571e-05, 0.0008555567430156713]
causal update 1100 loss [0.0003209879796486348, 0.0002679030375666476, 8.19016976501259e-05, 0.0008901572906345234]
causal update 1150 loss [0.00032068684231489897, 0.0002915641896774028, 8.181918584595505e-05, 0.0009328090367743351]
causal update 1200 loss [0.00032039187499321997, 0.00029965711947153536, 8.174792108425528e-05, 0.0009471623936194687]
causal update 1250 loss [0.0003200550563633442, 0.0002720787633562941, 8.16812522563032e-05, 0.000896598818817897]
causal update 1300 loss [0.0003197918413206935, 0.00028767480546854123, 8.16208865416869e-05, 0.0009246416436323778]
causal update 1350 loss [0.00031951593700796366, 0.00026580163001051286, 8.155206688590526e-05, 0.0008845135334868567]
causal update 1400 loss [0.00031920926994644105, 0.00025385507764343166, 8.149794776460638e-05, 0.0008624241095387758]
causal update 1450 loss [0.0003189585404470563, 0.00025927731229336725, 8.140179960211945e-05, 0.000871939304964311]
causal update 1500 loss [0.0003186807734891772, 0.0002894049816974322, 8.132340817346445e-05, 0.0009263799779210405]
causal update 1550 loss [0.000318406819133088, 0.0002575830934329396, 8.129236922021658e-05, 0.0008681966727892062]
causal update 1600 loss [0.00031818595016375184, 0.000255829091274172, 8.122571263632592e-05, 0.0008647189316510744]
causal update 1650 loss [0.00031790207140147686, 0.00027497628684934844, 8.113822743613872e-05, 0.0008991728849927071]
causal update 1700 loss [0.0003176781174261123, 0.0002304676613977498, 8.111109000880663e-05, 0.0008179685804661744]
causal update 1750 loss [0.0003174387093167752, 0.0002665214807761677, 8.105477375773933e-05, 0.0008832482922028316]
causal update 1800 loss [0.0003171994467265904, 0.00025453485845571705, 8.099919039028728e-05, 0.0008611519284158563]
causal update 1850 loss [0.00031701623811386526, 0.00023946900945277693, 8.093037243512405e-05, 0.0008334978225239763]
causal update 1900 loss [0.0003167703398503363, 0.0002822547859978529, 8.089688096770058e-05, 0.0009110380925146869]
causal update 1950 loss [0.00031655270140618086, 0.00027787802244003, 8.08393890542973e-05, 0.0009028024136231282]
causal update 2000 loss [0.00031639588996768, 0.0002592100440559283, 8.078961684043623e-05, 0.0008686421228547656]
causal update 2050 loss [0.0003162141947541386, 0.0002556285838689278, 8.073678023931318e-05, 0.0008618935568080607]
causal update 2100 loss [0.0003160068590659648, 0.0002594711341947092, 8.071366405233997e-05, 0.0008686520153363662]
causal update 2150 loss [0.0003158457111567259, 0.0002660321587579281, 8.065231095615027e-05, 0.0008803628421834135]
causal update 2200 loss [0.00031565461540594697, 0.00028452268104266074, 8.063594447628156e-05, 0.0009137863262266468]
causal update 2250 loss [0.0003155451558995992, 0.00026896785963817553, 8.058051346190416e-05, 0.0008853300032142613]
causal update 2300 loss [0.00031535563175566494, 0.00029527675304358395, 8.058417686214368e-05, 0.0009329953046507235]
causal update 2350 loss [0.00031524873338639736, 0.00025757397230903166, 8.055367464428537e-05, 0.0008642833027768297]
causal update 2400 loss [0.0003151180862914771, 0.00026687664580906224, 8.051490533152823e-05, 0.0008810337822955808]
causal update 2450 loss [0.00031496366136707366, 0.0002670614823788806, 8.049669754259821e-05, 0.0008811973341774301]
causal update 2500 loss [0.00031485676299780607, 0.00022130871649204896, 8.046260254901944e-05, 0.0007978402592065496]
causal update 2550 loss [0.00031475466676056385, 0.0002778543642151747, 8.043001868801946e-05, 0.0009005519785401087]
causal update 2600 loss [0.0003146223025396466, 0.00026329861331502683, 8.041137973981431e-05, 0.0008739266730792085]
causal update 2650 loss [0.0003145131631754339, 0.0002504510356372209, 8.039338932502391e-05, 0.000850432101971165]
causal update 2700 loss [0.0003144106885883957, 0.0002937631204028577, 8.038293208985412e-05, 0.0009290960902019737]
causal update 2750 loss [0.00031432611285708845, 0.00026880664910647377, 8.035552907585074e-05, 0.0008835927627197297]
causal update 2800 loss [0.0003142654022667557, 0.0002498796367452397, 8.031898067828494e-05, 0.0008490706602339641]
causal update 2850 loss [0.00031415733974426985, 0.00025090626098782116, 8.030770611781826e-05, 0.0008508185686627422]
causal update 2900 loss [0.00031406141351908445, 0.00022939393221302177, 8.028562121778023e-05, 0.0008115734868084942]
causal update 2950 loss [0.00031397779821418226, 0.00026824676904116265, 8.027011047871414e-05, 0.00088214070797928]
causal update 3000 loss [0.0003139023028779775, 0.00024153981698218333, 8.02521225037964e-05, 0.0008334720651348728]
CONTINUATION_COMPLETE f918f1dfe675aae01e25307d302ce6c54f599fb7f0f5d1fa3fd943a179b5aded
