{"evaluation": "initial_evaluation", "case": "hand_crawling.reference", "completed": 64, "requested": 595, "return_completed": null}
{"evaluation": "initial_evaluation", "case": "happy_dance.reference", "completed": 64, "requested": 535, "return_completed": null}
{"evaluation": "initial_evaluation", "case": "happy_dance.historical", "completed": 60, "requested": 535, "return_completed": 0}
{"evaluation": "initial_evaluation", "case": "pico_upright_anchor.reference", "completed": 37, "requested": 1013, "return_completed": null}
{"evaluation": "initial_evaluation", "case": "pico_standing_anchor.reference", "completed": 37, "requested": 1013, "return_completed": null}
{"evaluation": "initial_evaluation", "case": "pico_crouch_anchor.reference", "completed": 25, "requested": 1013, "return_completed": null}
{"evaluation": "initial_evaluation", "case": "pico_twist2_walk_001.reference", "completed": 22, "requested": 684, "return_completed": null}
{"evaluation": "initial_evaluation", "case": "pico_twist2_walk_010.reference", "completed": 24, "requested": 499, "return_completed": null}
{"evaluation": "initial_evaluation", "case": "standing.reference", "completed": 500, "requested": 500, "return_completed": null}
{"evaluation": "initial_evaluation", "case": "standing.acquired", "completed": 500, "requested": 500, "return_completed": 250}
{"update": 1, "minibatches": 12, "actual_active_actions": 350, "total_active_actions": 350, "mean_losses": {"policy": -0.017743656955038507, "value": 505.8563181559245, "standing_retention": 0.000412832615741839}}
{"update": 2, "minibatches": 24, "actual_active_actions": 306, "total_active_actions": 656, "mean_losses": {"policy": -0.006704511004500091, "value": 493.38934326171875, "standing_retention": 0.0004895223028142937}}
{"update": 3, "minibatches": 36, "actual_active_actions": 321, "total_active_actions": 977, "mean_losses": {"policy": -0.00016721027592817941, "value": 573.2296396891276, "standing_retention": 0.0005373907333705574}}
{"update": 4, "minibatches": 48, "actual_active_actions": 333, "total_active_actions": 1310, "mean_losses": {"policy": -0.0010360050946474075, "value": 483.58651479085285, "standing_retention": 0.0005702955628900478}}
{"update": 5, "minibatches": 64, "actual_active_actions": 392, "total_active_actions": 1702, "mean_losses": {"policy": -0.00148057343903929, "value": 525.1274662017822, "standing_retention": 0.0005801058032375295}}
{"update": 6, "minibatches": 76, "actual_active_actions": 320, "total_active_actions": 2022, "mean_losses": {"policy": -0.023260836799939472, "value": 526.5169423421224, "standing_retention": 0.000612925558622616}}
{"update": 7, "minibatches": 92, "actual_active_actions": 416, "total_active_actions": 2438, "mean_losses": {"policy": -0.009199032909236848, "value": 579.464038848877, "standing_retention": 0.0005797623161925003}}
{"update": 8, "minibatches": 100, "actual_active_actions": 230, "total_active_actions": 2668, "mean_losses": {"policy": -0.003734042700671125, "value": 555.7205505371094, "standing_retention": 0.0005212353571550921}}
{"update": 9, "minibatches": 116, "actual_active_actions": 432, "total_active_actions": 3100, "mean_losses": {"policy": -0.0030321492231450975, "value": 569.270601272583, "standing_retention": 0.0004728404092020355}}
{"update": 10, "minibatches": 132, "actual_active_actions": 401, "total_active_actions": 3501, "mean_losses": {"policy": 0.06447187124285847, "value": 566.1152725219727, "standing_retention": 0.0003841506186290644}}
{"update": 11, "minibatches": 144, "actual_active_actions": 304, "total_active_actions": 3805, "mean_losses": {"policy": -0.012899492246409258, "value": 505.4203160603841, "standing_retention": 0.0003513195406412706}}
{"update": 12, "minibatches": 156, "actual_active_actions": 330, "total_active_actions": 4135, "mean_losses": {"policy": -0.0066994146327488124, "value": 493.52935791015625, "standing_retention": 0.0004132821219779241}}
{"update": 13, "minibatches": 172, "actual_active_actions": 421, "total_active_actions": 4556, "mean_losses": {"policy": -0.00432348158210516, "value": 562.5257606506348, "standing_retention": 0.000429787147368188}}
{"update": 14, "minibatches": 184, "actual_active_actions": 330, "total_active_actions": 4886, "mean_losses": {"policy": -0.026671293657273054, "value": 532.918820699056, "standing_retention": 0.00036555201950250193}}
{"update": 15, "minibatches": 200, "actual_active_actions": 396, "total_active_actions": 5282, "mean_losses": {"policy": -0.05836191773414612, "value": 542.9332447052002, "standing_retention": 0.00029012216145929415}}
{"update": 16, "minibatches": 216, "actual_active_actions": 434, "total_active_actions": 5716, "mean_losses": {"policy": -0.006963730091229081, "value": 647.5795555114746, "standing_retention": 0.0002716640319704311}}
{"update": 17, "minibatches": 228, "actual_active_actions": 349, "total_active_actions": 6065, "mean_losses": {"policy": -0.00488014022509257, "value": 590.0715942382812, "standing_retention": 0.00027105201297672465}}
{"update": 18, "minibatches": 244, "actual_active_actions": 450, "total_active_actions": 6515, "mean_losses": {"policy": 0.005524503503693268, "value": 604.9282836914062, "standing_retention": 0.00033291072213614825}}
{"update": 19, "minibatches": 256, "actual_active_actions": 380, "total_active_actions": 6895, "mean_losses": {"policy": -0.006493381069352229, "value": 558.4169311523438, "standing_retention": 0.0003440131792255367}}
{"update": 20, "minibatches": 272, "actual_active_actions": 433, "total_active_actions": 7328, "mean_losses": {"policy": -0.003793093551394122, "value": 625.1315765380859, "standing_retention": 0.0003390199908608338}}
{"update": 21, "minibatches": 284, "actual_active_actions": 346, "total_active_actions": 7674, "mean_losses": {"policy": -0.004256853989015023, "value": 512.8221206665039, "standing_retention": 0.000341198892177393}}
{"update": 22, "minibatches": 296, "actual_active_actions": 354, "total_active_actions": 8028, "mean_losses": {"policy": -0.002513799505929152, "value": 507.7278137207031, "standing_retention": 0.00033684253624718014}}
{"update": 23, "minibatches": 312, "actual_active_actions": 470, "total_active_actions": 8498, "mean_losses": {"policy": -0.0025982444058172405, "value": 631.0483818054199, "standing_retention": 0.00034404451253067236}}
{"update": 24, "minibatches": 328, "actual_active_actions": 402, "total_active_actions": 8900, "mean_losses": {"policy": 0.025251126382499933, "value": 580.6462383270264, "standing_retention": 0.0003333446347824065}}
{"update": 25, "minibatches": 344, "actual_active_actions": 445, "total_active_actions": 9345, "mean_losses": {"policy": -0.0020162867149338126, "value": 608.0284004211426, "standing_retention": 0.00032810799712024163}}
{"update": 26, "minibatches": 360, "actual_active_actions": 398, "total_active_actions": 9743, "mean_losses": {"policy": -0.011733178980648518, "value": 549.2654266357422, "standing_retention": 0.00032270453448290937}}
{"update": 27, "minibatches": 376, "actual_active_actions": 420, "total_active_actions": 10163, "mean_losses": {"policy": -0.005435930332168937, "value": 592.0769290924072, "standing_retention": 0.00032786295741971117}}
{"update": 28, "minibatches": 392, "actual_active_actions": 393, "total_active_actions": 10556, "mean_losses": {"policy": -0.07288856105878949, "value": 555.9481449127197, "standing_retention": 0.00029172078393457923}}
{"update": 29, "minibatches": 404, "actual_active_actions": 356, "total_active_actions": 10912, "mean_losses": {"policy": -0.009630627697333694, "value": 562.7838694254557, "standing_retention": 0.00027954769757343456}}
{"update": 30, "minibatches": 416, "actual_active_actions": 348, "total_active_actions": 11260, "mean_losses": {"policy": -0.004157639108598232, "value": 512.2152582804362, "standing_retention": 0.0002644067571964115}}
{"update": 31, "minibatches": 428, "actual_active_actions": 354, "total_active_actions": 11614, "mean_losses": {"policy": -0.0006567894791563352, "value": 558.1715443929037, "standing_retention": 0.00025553914019837976}}
{"update": 32, "minibatches": 440, "actual_active_actions": 378, "total_active_actions": 11992, "mean_losses": {"policy": -0.005875744837491463, "value": 542.3927739461263, "standing_retention": 0.0002518046894692816}}
{"update": 33, "minibatches": 456, "actual_active_actions": 388, "total_active_actions": 12380, "mean_losses": {"policy": -0.08031116041820496, "value": 576.1735343933105, "standing_retention": 0.0002544169392422191}}
{"update": 34, "minibatches": 468, "actual_active_actions": 361, "total_active_actions": 12741, "mean_losses": {"policy": -0.0031941632429758706, "value": 513.3072967529297, "standing_retention": 0.0002580390197787589}}
{"update": 35, "minibatches": 484, "actual_active_actions": 395, "total_active_actions": 13136, "mean_losses": {"policy": -0.01182896620593965, "value": 510.90026664733887, "standing_retention": 0.00023633648197574075}}
{"update": 36, "minibatches": 496, "actual_active_actions": 359, "total_active_actions": 13495, "mean_losses": {"policy": -0.007587638994057973, "value": 543.5685628255209, "standing_retention": 0.00023632205920876004}}
{"update": 37, "minibatches": 508, "actual_active_actions": 358, "total_active_actions": 13853, "mean_losses": {"policy": -0.010022386442869902, "value": 517.9314600626627, "standing_retention": 0.0002317185668895642}}
{"update": 38, "minibatches": 528, "actual_active_actions": 557, "total_active_actions": 14410, "mean_losses": {"policy": -0.03485935197677463, "value": 716.9181396484375, "standing_retention": 0.00021380565885920078}}
{"update": 39, "minibatches": 540, "actual_active_actions": 372, "total_active_actions": 14782, "mean_losses": {"policy": -0.004140625474974513, "value": 575.451052347819, "standing_retention": 0.000247712687269086}}
{"update": 40, "minibatches": 552, "actual_active_actions": 384, "total_active_actions": 15166, "mean_losses": {"policy": -0.010136416802803675, "value": 628.1432952880859, "standing_retention": 0.0002546515364277487}}
{"update": 41, "minibatches": 568, "actual_active_actions": 471, "total_active_actions": 15637, "mean_losses": {"policy": -0.007843774918001145, "value": 597.604736328125, "standing_retention": 0.00030268032060121186}}
{"update": 42, "minibatches": 580, "actual_active_actions": 323, "total_active_actions": 15960, "mean_losses": {"policy": 0.003112630588778605, "value": 559.0349858601888, "standing_retention": 0.00033896318200277165}}
{"update": 43, "minibatches": 592, "actual_active_actions": 286, "total_active_actions": 16246, "mean_losses": {"policy": -0.03542118713570138, "value": 543.1836954752604, "standing_retention": 0.00033496990363346413}}
{"update": 44, "minibatches": 608, "actual_active_actions": 422, "total_active_actions": 16668, "mean_losses": {"policy": 0.00468417233787477, "value": 567.5561695098877, "standing_retention": 0.0003787852947425563}}
{"update": 45, "minibatches": 624, "actual_active_actions": 398, "total_active_actions": 17066, "mean_losses": {"policy": -0.03439207817427814, "value": 549.6666202545166, "standing_retention": 0.00035680266591953114}}
{"update": 46, "minibatches": 640, "actual_active_actions": 399, "total_active_actions": 17465, "mean_losses": {"policy": 0.03728376387152821, "value": 585.1557197570801, "standing_retention": 0.00033910923229996115}}
{"update": 47, "minibatches": 652, "actual_active_actions": 324, "total_active_actions": 17789, "mean_losses": {"policy": -0.0026156511157751083, "value": 578.0463205973307, "standing_retention": 0.00027166334136078757}}
{"update": 48, "minibatches": 668, "actual_active_actions": 411, "total_active_actions": 18200, "mean_losses": {"policy": -0.03246585908345878, "value": 549.8206233978271, "standing_retention": 0.00026742045429273276}}
{"update": 49, "minibatches": 680, "actual_active_actions": 323, "total_active_actions": 18523, "mean_losses": {"policy": -0.007749294862151146, "value": 494.7805684407552, "standing_retention": 0.0003145525455086802}}
{"update": 50, "minibatches": 696, "actual_active_actions": 393, "total_active_actions": 18916, "mean_losses": {"policy": -0.022037415008526295, "value": 536.8692998886108, "standing_retention": 0.0002961609079648042}}
{"update": 51, "minibatches": 712, "actual_active_actions": 387, "total_active_actions": 19303, "mean_losses": {"policy": -0.02608323923777789, "value": 501.16443729400635, "standing_retention": 0.0002600264415377751}}
{"update": 52, "minibatches": 724, "actual_active_actions": 355, "total_active_actions": 19658, "mean_losses": {"policy": -0.009715980074057976, "value": 515.0166778564453, "standing_retention": 0.00028296023325917}}
{"update": 53, "minibatches": 740, "actual_active_actions": 392, "total_active_actions": 20050, "mean_losses": {"policy": -0.021242305636405945, "value": 523.1705074310303, "standing_retention": 0.0003120231867796974}}
{"update": 54, "minibatches": 752, "actual_active_actions": 328, "total_active_actions": 20378, "mean_losses": {"policy": -0.015350309200584888, "value": 582.9177729288737, "standing_retention": 0.00030893280685025576}}
{"update": 55, "minibatches": 768, "actual_active_actions": 437, "total_active_actions": 20815, "mean_losses": {"policy": -0.006585168302990496, "value": 584.7886772155762, "standing_retention": 0.00032783847746031824}}
{"update": 56, "minibatches": 784, "actual_active_actions": 423, "total_active_actions": 21238, "mean_losses": {"policy": 0.007496394100598991, "value": 569.0674018859863, "standing_retention": 0.0003089980800723424}}
{"update": 57, "minibatches": 796, "actual_active_actions": 257, "total_active_actions": 21495, "mean_losses": {"policy": -0.014614369720220566, "value": 459.61463419596356, "standing_retention": 0.0003029272023316783}}
{"update": 58, "minibatches": 812, "actual_active_actions": 418, "total_active_actions": 21913, "mean_losses": {"policy": -0.0071676338848192245, "value": 552.5523567199707, "standing_retention": 0.00035008804115932435}}
{"update": 59, "minibatches": 828, "actual_active_actions": 396, "total_active_actions": 22309, "mean_losses": {"policy": 0.01256289763841778, "value": 607.3539905548096, "standing_retention": 0.0003888799110427499}}
{"update": 60, "minibatches": 840, "actual_active_actions": 368, "total_active_actions": 22677, "mean_losses": {"policy": -0.004522418448080619, "value": 513.4472707112631, "standing_retention": 0.0003783768358213517}}
{"update": 61, "minibatches": 852, "actual_active_actions": 377, "total_active_actions": 23054, "mean_losses": {"policy": -0.005048000835813582, "value": 519.1826680501302, "standing_retention": 0.00035048104958453524}}
{"update": 62, "minibatches": 868, "actual_active_actions": 385, "total_active_actions": 23439, "mean_losses": {"policy": 0.10678547259885818, "value": 588.9781265258789, "standing_retention": 0.000301899835903896}}
{"update": 63, "minibatches": 880, "actual_active_actions": 359, "total_active_actions": 23798, "mean_losses": {"policy": -0.00806136142152051, "value": 508.320068359375, "standing_retention": 0.000317113697140788}}
{"update": 64, "minibatches": 896, "actual_active_actions": 414, "total_active_actions": 24212, "mean_losses": {"policy": -0.025699548074044287, "value": 557.8836708068848, "standing_retention": 0.0003625988338171737}}
{"update": 65, "minibatches": 912, "actual_active_actions": 468, "total_active_actions": 24680, "mean_losses": {"policy": -0.010325661860406399, "value": 588.4805870056152, "standing_retention": 0.00042807808495126665}}
{"update": 66, "minibatches": 924, "actual_active_actions": 350, "total_active_actions": 25030, "mean_losses": {"policy": -0.010175203089602292, "value": 521.9489695231119, "standing_retention": 0.0004663278911417971}}
{"update": 67, "minibatches": 940, "actual_active_actions": 396, "total_active_actions": 25426, "mean_losses": {"policy": 0.01742081460542977, "value": 516.7171669006348, "standing_retention": 0.00048692112977732904}}
{"update": 68, "minibatches": 952, "actual_active_actions": 370, "total_active_actions": 25796, "mean_losses": {"policy": -0.004812074107273172, "value": 571.8234405517578, "standing_retention": 0.00048338448686990887}}
{"update": 69, "minibatches": 968, "actual_active_actions": 410, "total_active_actions": 26206, "mean_losses": {"policy": -0.02870509010972455, "value": 539.5576934814453, "standing_retention": 0.000489796302645118}}
{"update": 70, "minibatches": 984, "actual_active_actions": 467, "total_active_actions": 26673, "mean_losses": {"policy": -0.0115035695489496, "value": 574.0734062194824, "standing_retention": 0.00044368161616148427}}
{"update": 71, "minibatches": 996, "actual_active_actions": 361, "total_active_actions": 27034, "mean_losses": {"policy": -0.005150535764793555, "value": 520.9703750610352, "standing_retention": 0.00037030668318038806}}
{"update": 72, "minibatches": 1012, "actual_active_actions": 426, "total_active_actions": 27460, "mean_losses": {"policy": -0.005607431172393262, "value": 576.3920745849609, "standing_retention": 0.00029928610638307873}}
{"update": 73, "minibatches": 1024, "actual_active_actions": 283, "total_active_actions": 27743, "mean_losses": {"policy": 0.011546675271044174, "value": 531.1420771280924, "standing_retention": 0.00029610341880470514}}
{"update": 74, "minibatches": 1036, "actual_active_actions": 378, "total_active_actions": 28121, "mean_losses": {"policy": -0.0046551605919376016, "value": 570.1780649820963, "standing_retention": 0.00029411774206285674}}
{"update": 75, "minibatches": 1048, "actual_active_actions": 341, "total_active_actions": 28462, "mean_losses": {"policy": 0.0001640801007548968, "value": 515.9985173543295, "standing_retention": 0.00030332303867908195}}
{"update": 76, "minibatches": 1060, "actual_active_actions": 373, "total_active_actions": 28835, "mean_losses": {"policy": -0.00481836140776674, "value": 532.6676686604818, "standing_retention": 0.0003095525292640862}}
{"update": 77, "minibatches": 1076, "actual_active_actions": 470, "total_active_actions": 29305, "mean_losses": {"policy": -0.0019238041422795504, "value": 576.69553565979, "standing_retention": 0.0003092436418228317}}
{"update": 78, "minibatches": 1092, "actual_active_actions": 426, "total_active_actions": 29731, "mean_losses": {"policy": -0.02969668770674616, "value": 558.1312026977539, "standing_retention": 0.00032995102992572356}}
{"update": 79, "minibatches": 1108, "actual_active_actions": 406, "total_active_actions": 30137, "mean_losses": {"policy": -0.02309613660327159, "value": 546.0195274353027, "standing_retention": 0.0003739114745258121}}
{"update": 80, "minibatches": 1124, "actual_active_actions": 412, "total_active_actions": 30549, "mean_losses": {"policy": 0.0153532475233078, "value": 555.0647411346436, "standing_retention": 0.0003606297032092698}}
{"update": 81, "minibatches": 1136, "actual_active_actions": 379, "total_active_actions": 30928, "mean_losses": {"policy": -0.003528802034755548, "value": 524.2216186523438, "standing_retention": 0.00035984312125947326}}
{"update": 82, "minibatches": 1156, "actual_active_actions": 530, "total_active_actions": 31458, "mean_losses": {"policy": 0.016316203493624927, "value": 660.5214752197265, "standing_retention": 0.0003401287409360521}}
{"update": 83, "minibatches": 1172, "actual_active_actions": 406, "total_active_actions": 31864, "mean_losses": {"policy": 0.03911136370152235, "value": 560.3921527862549, "standing_retention": 0.0003279881511843996}}
{"update": 84, "minibatches": 1188, "actual_active_actions": 411, "total_active_actions": 32275, "mean_losses": {"policy": -0.007415423053316772, "value": 547.600887298584, "standing_retention": 0.0003666228640213376}}
{"update": 85, "minibatches": 1204, "actual_active_actions": 413, "total_active_actions": 32688, "mean_losses": {"policy": -0.008280391513835639, "value": 543.2676448822021, "standing_retention": 0.00039916442074172664}}
{"update": 86, "minibatches": 1216, "actual_active_actions": 343, "total_active_actions": 33031, "mean_losses": {"policy": -0.002639868917564551, "value": 539.602305094401, "standing_retention": 0.0003507973184847894}}
{"update": 87, "minibatches": 1228, "actual_active_actions": 344, "total_active_actions": 33375, "mean_losses": {"policy": -0.003071313723921776, "value": 508.81860097249347, "standing_retention": 0.00035888817607580375}}
{"update": 88, "minibatches": 1240, "actual_active_actions": 369, "total_active_actions": 33744, "mean_losses": {"policy": -0.004234107987334331, "value": 604.5402221679688, "standing_retention": 0.00038018901250325143}}
{"update": 89, "minibatches": 1256, "actual_active_actions": 457, "total_active_actions": 34201, "mean_losses": {"policy": -0.008936439058743417, "value": 570.7567253112793, "standing_retention": 0.00038566221883229446}}
{"update": 90, "minibatches": 1268, "actual_active_actions": 340, "total_active_actions": 34541, "mean_losses": {"policy": -0.00951412048501273, "value": 514.6066741943359, "standing_retention": 0.00041154122300213203}}
{"update": 91, "minibatches": 1284, "actual_active_actions": 484, "total_active_actions": 35025, "mean_losses": {"policy": -0.007940629962831736, "value": 599.1802158355713, "standing_retention": 0.0004459085703274468}}
{"update": 92, "minibatches": 1300, "actual_active_actions": 385, "total_active_actions": 35410, "mean_losses": {"policy": 0.09419816825538874, "value": 456.48960053920746, "standing_retention": 0.0005478670609591063}}
{"update": 93, "minibatches": 1316, "actual_active_actions": 410, "total_active_actions": 35820, "mean_losses": {"policy": -0.014791093417443335, "value": 550.4990196228027, "standing_retention": 0.000598257433011895}}
{"update": 94, "minibatches": 1332, "actual_active_actions": 436, "total_active_actions": 36256, "mean_losses": {"policy": -0.011808857670985162, "value": 586.0438270568848, "standing_retention": 0.0006394558477040846}}
{"update": 95, "minibatches": 1344, "actual_active_actions": 333, "total_active_actions": 36589, "mean_losses": {"policy": -0.0023605231350908675, "value": 518.5394566853842, "standing_retention": 0.000624619375836725}}
{"update": 96, "minibatches": 1360, "actual_active_actions": 404, "total_active_actions": 36993, "mean_losses": {"policy": 0.013619030709378421, "value": 597.5527820587158, "standing_retention": 0.0006154786278784741}}
{"update": 97, "minibatches": 1376, "actual_active_actions": 430, "total_active_actions": 37423, "mean_losses": {"policy": -0.01933007943443954, "value": 538.4506454467773, "standing_retention": 0.0005662977564497851}}
{"update": 98, "minibatches": 1392, "actual_active_actions": 414, "total_active_actions": 37837, "mean_losses": {"policy": -0.028000808437354863, "value": 539.8367443084717, "standing_retention": 0.0004991037330910331}}
{"update": 99, "minibatches": 1400, "actual_active_actions": 239, "total_active_actions": 38076, "mean_losses": {"policy": -0.004559714230708778, "value": 601.5957641601562, "standing_retention": 0.0004998644471925218}}
{"update": 100, "minibatches": 1416, "actual_active_actions": 433, "total_active_actions": 38509, "mean_losses": {"policy": -0.008558610687032342, "value": 572.2243843078613, "standing_retention": 0.0004995429153495934}}
{"evaluation": "final_evaluation", "case": "hand_crawling.reference", "completed": 127, "requested": 595, "return_completed": null}
{"evaluation": "final_evaluation", "case": "happy_dance.reference", "completed": 96, "requested": 535, "return_completed": null}
{"evaluation": "final_evaluation", "case": "happy_dance.historical", "completed": 103, "requested": 535, "return_completed": 0}
{"evaluation": "final_evaluation", "case": "pico_upright_anchor.reference", "completed": 42, "requested": 1013, "return_completed": null}
{"evaluation": "final_evaluation", "case": "pico_standing_anchor.reference", "completed": 41, "requested": 1013, "return_completed": null}
{"evaluation": "final_evaluation", "case": "pico_crouch_anchor.reference", "completed": 25, "requested": 1013, "return_completed": null}
{"evaluation": "final_evaluation", "case": "pico_twist2_walk_001.reference", "completed": 22, "requested": 684, "return_completed": null}
{"evaluation": "final_evaluation", "case": "pico_twist2_walk_010.reference", "completed": 24, "requested": 499, "return_completed": null}
{"evaluation": "final_evaluation", "case": "standing.reference", "completed": 500, "requested": 500, "return_completed": null}
{"evaluation": "final_evaluation", "case": "standing.acquired", "completed": 500, "requested": 500, "return_completed": 250}
