################################################################################
[1m                           Learning iteration 500/502                           [0m 

                               Run name: original_core_920ms_fresh
                            Total steps: 32 
                       Steps per second: 5 
                        Collection time: 5.225s 
                          Learning time: 0.589s 
                        Mean value loss: 146.2365
                    Mean surrogate loss: -0.0644
                      Mean entropy loss: -20.3227
                        Mean action std: 0.10
--------------------------------------------------------------------------------
                         Iteration time: 5.81s
                           Time elapsed: 00:00:05
                                    ETA: 00:00:05

################################################################################
[1m                           Learning iteration 501/502                           [0m 

                               Run name: original_core_920ms_fresh
                            Total steps: 64 
                       Steps per second: 29 
                        Collection time: 0.910s 
                          Learning time: 0.166s 
                        Mean value loss: 99.8921
                    Mean surrogate loss: -0.0128
                      Mean entropy loss: -20.3227
                        Mean action std: 0.10
--------------------------------------------------------------------------------
                         Iteration time: 1.08s
                           Time elapsed: 00:00:06
                                    ETA: 00:00:00

