{"path": "common\\bridge.yaml", "bytes": 378, "version": 2, "checksum_verified": true}
{"path": "common\\logger.yaml", "bytes": 288, "version": 2, "checksum_verified": true}
{"path": "common\\yaml_parser_test.yaml", "bytes": 978, "version": 2, "checksum_verified": true}
{"path": "controllers\\mlp_net.yaml", "bytes": 37, "version": 2, "checksum_verified": true}
{"path": "fsm\\fsm_fix_stand.yaml", "bytes": 1091, "version": 2, "checksum_verified": true}
{"path": "fsm\\fsm_passive.yaml", "bytes": 70, "version": 2, "checksum_verified": true}
{"path": "fsm\\fsm_protection.yaml", "bytes": 227, "version": 2, "checksum_verified": true}
{"path": "fsm\\fsm_scheduler.yaml", "bytes": 246, "version": 2, "checksum_verified": true}
{"path": "fsm\\fsm_sit.yaml", "bytes": 159, "version": 2, "checksum_verified": true}
{"path": "fsm\\fsm_stand.yaml", "bytes": 1727, "version": 2, "checksum_verified": true}
{"path": "fsm\\safe_mode_manager.yaml", "bytes": 374, "version": 2, "checksum_verified": true}
{"path": "policies\\any2squat\\fsm_cfg.yaml", "bytes": 4092, "version": 2, "checksum_verified": true}
{"path": "policies\\blind_terrain\\fsm_cfg.yaml", "bytes": 4053, "version": 2, "checksum_verified": true}
{"path": "policies\\cpy_dance\\dance.yaml", "bytes": 1502, "version": 2, "checksum_verified": true}
{"path": "policies\\cpy_dance\\Feb13_20-31-05_\\cfg_env.yaml", "bytes": 8736, "version": 2, "checksum_verified": true}
{"path": "policies\\cpy_dance\\Feb13_20-31-05_\\cfg_train.yaml", "bytes": 2743, "version": 2, "checksum_verified": true}
{"path": "policies\\cpy_fight\\fight.yaml", "bytes": 1508, "version": 2, "checksum_verified": true}
{"path": "policies\\cpy_fight\\Feb20_10-37-46_\\cfg_env.yaml", "bytes": 9302, "version": 2, "checksum_verified": true}
{"path": "policies\\cpy_fight\\Feb20_10-37-46_\\cfg_train.yaml", "bytes": 2755, "version": 2, "checksum_verified": true}
{"path": "policies\\cpy_fight\\Mar05_20-20-37_\\cfg_env.yaml", "bytes": 10685, "version": 2, "checksum_verified": true}
{"path": "policies\\cpy_fight\\Mar05_20-20-37_\\cfg_train.yaml", "bytes": 2744, "version": 2, "checksum_verified": true}
{"path": "policies\\cpy_run_29dofs\\fsm_cfg.yaml", "bytes": 2954, "version": 2, "checksum_verified": true}
{"path": "policies\\cpy_run_29dofs\\Apr30_10-48-54_\\cfg_env.yaml", "bytes": 10859, "version": 2, "checksum_verified": true}
{"path": "policies\\cpy_run_29dofs\\Apr30_10-48-54_\\cfg_train.yaml", "bytes": 2833, "version": 2, "checksum_verified": true}
{"path": "policies\\cpy_run_29dofs\\May07_10-20-36_106000\\cfg_env.yaml", "bytes": 10857, "version": 2, "checksum_verified": true}
{"path": "policies\\cpy_run_29dofs\\May07_10-20-36_106000\\cfg_train.yaml", "bytes": 2832, "version": 2, "checksum_verified": true}
{"path": "policies\\cpy_run_29dofs\\May08_10-45-01_\\cfg_env.yaml", "bytes": 11221, "version": 2, "checksum_verified": true}
{"path": "policies\\cpy_run_29dofs\\May08_10-45-01_\\cfg_train.yaml", "bytes": 2832, "version": 2, "checksum_verified": true}
{"path": "policies\\cpy_run_29dofs\\May08_19-02-50_trot\\cfg_env.yaml", "bytes": 11396, "version": 2, "checksum_verified": true}
{"path": "policies\\cpy_run_29dofs\\May08_19-02-50_trot\\cfg_train.yaml", "bytes": 2867, "version": 2, "checksum_verified": true}
{"path": "policies\\cpy_run_29dofs\\May21_11-38-11_9400\\cfg_env.yaml", "bytes": 11933, "version": 2, "checksum_verified": true}
{"path": "policies\\cpy_run_29dofs\\May21_11-38-11_9400\\cfg_train.yaml", "bytes": 2971, "version": 2, "checksum_verified": true}
{"path": "policies\\cpy_run_29dofs\\May21_17-41-56_23950\\cfg_env.yaml", "bytes": 12318, "version": 2, "checksum_verified": true}
{"path": "policies\\cpy_run_29dofs\\May21_17-41-56_23950\\cfg_train.yaml", "bytes": 2971, "version": 2, "checksum_verified": true}
{"path": "policies\\cpy_stair_loco\\fsm_cfg.yaml", "bytes": 2964, "version": 2, "checksum_verified": true}
{"path": "policies\\cpy_walk_jump\\fsm_cfg.yaml", "bytes": 1536, "version": 2, "checksum_verified": true}
{"path": "policies\\facedown_getup\\fsm_cfg.yaml", "bytes": 7037, "version": 2, "checksum_verified": true}
{"path": "policies\\faceup_getup\\fsm_cfg.yaml", "bytes": 10391, "version": 2, "checksum_verified": true}
{"path": "policies\\fsm_transis_test\\fsm_cfg.yaml", "bytes": 3680, "version": 2, "checksum_verified": true}
{"path": "policies\\human_loco\\fsm_human_loco_config.yaml", "bytes": 5107, "version": 2, "checksum_verified": true}
{"path": "policies\\human_loco_29\\fsm_human_loco_config.yaml", "bytes": 4781, "version": 2, "checksum_verified": true}
{"path": "policies\\human_mimic\\fsm_human_mimic2_config.yaml", "bytes": 5619, "version": 2, "checksum_verified": true}
{"path": "policies\\human_mimic\\fsm_human_mimic_config.yaml", "bytes": 9440, "version": 2, "checksum_verified": true}
{"path": "policies\\hybrid_run\\fsm_cfg.yaml", "bytes": 3970, "version": 2, "checksum_verified": true}
{"path": "policies\\jumpforward_17dofs\\fsm_cfg.yaml", "bytes": 3662, "version": 2, "checksum_verified": true}
{"path": "policies\\jumpup_17dofs\\fsm_cfg.yaml", "bytes": 4101, "version": 2, "checksum_verified": true}
{"path": "policies\\jump_17dofs\\fsm_cfg.yaml", "bytes": 9510, "version": 2, "checksum_verified": true}
{"path": "policies\\mimic_test\\fsm_mimic_test.yaml", "bytes": 1698, "version": 2, "checksum_verified": true}
{"path": "policies\\normal_walk\\fsm_cfg.yaml", "bytes": 3707, "version": 2, "checksum_verified": true}
{"path": "policies\\one_key_break\\fsm_cfg.yaml", "bytes": 2941, "version": 2, "checksum_verified": true}
{"path": "policies\\one_key_break\\fsm_cfg_test.yaml", "bytes": 4807, "version": 2, "checksum_verified": true}
{"path": "policies\\plane_encoder\\fsm_cfg.yaml", "bytes": 4096, "version": 2, "checksum_verified": true}
{"path": "policies\\shot\\fsm_cfg.yaml", "bytes": 3862, "version": 2, "checksum_verified": true}
{"path": "policies\\squat2stand\\fsm_cfg.yaml", "bytes": 6564, "version": 2, "checksum_verified": true}
{"path": "policies\\vision_loco\\fsm_vision_loco_config.yaml", "bytes": 4216, "version": 2, "checksum_verified": true}
{"path": "policies\\vision_loco_wbc\\fsm_vision_loco_wbc_config.yaml", "bytes": 4072, "version": 2, "checksum_verified": true}
{"path": "policies\\waist_control\\fsm_cfg.yaml", "bytes": 4358, "version": 2, "checksum_verified": true}
{"path": "policies\\walk_29dofs\\fsm_cfg.yaml", "bytes": 2286, "version": 2, "checksum_verified": true}
{"path": "policies\\zjx_walk_jump\\fsm_cfg.yaml", "bytes": 1303, "version": 2, "checksum_verified": true}
{"path": "policies\\zjx_walk_jump\\G1_mimic_2025_0807_155630_JUMP_002_YY_50hz.yaml", "bytes": 286432, "version": 2, "checksum_verified": true}
{"path": "tasks\\bridge.yaml", "bytes": 255, "version": 2, "checksum_verified": true}
{"path": "tasks\\task_auto_carry.yaml", "bytes": 562, "version": 2, "checksum_verified": true}
{"path": "tasks\\task_social.yaml", "bytes": 515, "version": 2, "checksum_verified": true}
