Warp 1.12.0 initialized:
   CUDA Toolkit 12.9, Driver 12.9
   Devices:
     "cpu"      : "x86_64"
     "cuda:0"   : "NVIDIA GeForce RTX 3070 Laptop GPU" (8 GiB, sm_86, mempool enabled)
   Kernel cache:
     /root/.cache/warp/1.12.0
Warp DeprecationWarning: The symbol `warp.context.runtime` will soon be removed from the public API. It can still be accessed from `warp._src.context.runtime` but might be changed or removed without notice.
Module mujoco_warp._src.smooth 75c1b76 load on device 'cuda:0' took 21.08 ms  (cached)
Module mujoco_warp._src.collision_driver 4d8b905 load on device 'cuda:0' took 4.89 ms  (cached)
Module _nxn_broadphase__locals__kernel_e916423b e916423 load on device 'cuda:0' took 3.89 ms  (cached)
Module ccd_kernel_builder__locals__ccd_kernel_9b1566d8 9b1566d load on device 'cuda:0' took 10.14 ms  (cached)
Module ccd_kernel_builder__locals__ccd_kernel_42c40339 42c4033 load on device 'cuda:0' took 8.07 ms  (cached)
Module ccd_kernel_builder__locals__ccd_kernel_326254de 326254d load on device 'cuda:0' took 12.01 ms  (cached)
Module ccd_kernel_builder__locals__ccd_kernel_6df0b0ad 6df0b0a load on device 'cuda:0' took 10.05 ms  (cached)
Module _primitive_narrowphase__locals__primitive_narrowphase_68f960b5 68f960b load on device 'cuda:0' took 6.53 ms  (cached)
Module mujoco_warp._src.constraint e4fb920 load on device 'cuda:0' took 10.28 ms  (cached)
Module _actuator_velocity__locals__actuator_velocity_54391827 7ce5a05 load on device 'cuda:0' took 5.62 ms  (cached)
Module mujoco_warp._src.passive 7fb8524 load on device 'cuda:0' took 6.75 ms  (cached)
Module mujoco_warp._src.sensor 912ac95 load on device 'cuda:0' took 11.49 ms  (cached)
Module mujoco_warp._src.forward 5922a95 load on device 'cuda:0' took 7.40 ms  (cached)
Module mujoco_warp._src.support 343d1ae load on device 'cuda:0' took 4.18 ms  (cached)
Module _tile_cholesky_factorize_solve__locals__cholesky_factorize_solve_7c4626c2 68c124c load on device 'cuda:0' took 234.99 ms  (cached)
Module mujoco_warp._src.solver 4a4fc90 load on device 'cuda:0' took 5.68 ms  (cached)
Module solve_init_jaref__locals__kernel_e8e73468 e8e7346 load on device 'cuda:0' took 3.16 ms  (cached)
Module mul_m_dense__locals___mul_m_dense_5b182806 5b18280 load on device 'cuda:0' took 3.66 ms  (cached)
Module update_constraint_efc__locals__kernel_84abb40b 84abb40 load on device 'cuda:0' took 4.53 ms  (cached)
Module update_constraint_gauss_cost__locals__kernel_026115d4 026115d load on device 'cuda:0' took 4.34 ms  (cached)
Module update_gradient_JTDAJ_dense_tiled__locals__kernel_aa2c02e8 f673571 load on device 'cuda:0' took 4.33 ms  (cached)
Module update_gradient_cholesky__locals__kernel_ac06d661 8d9cf28 load on device 'cuda:0' took 211.39 ms  (cached)
Module linesearch_jv_fused__locals__kernel_0ca87d41 0ca87d4 load on device 'cuda:0' took 3.48 ms  (cached)
Module linesearch_prepare_gauss__locals__kernel_b235c0c8 b235c0c load on device 'cuda:0' took 3.28 ms  (cached)
Module update_constraint_efc__locals__kernel_19805a28 19805a2 load on device 'cuda:0' took 3.75 ms  (cached)
Module _tile_euler_dense__locals__euler_dense_2facc489 09a40c4 load on device 'cuda:0' took 219.91 ms  (cached)
Module reset_data__locals__reset_xfrc_applied_f86f0829 f86f082 load on device 'cuda:0' took 3.40 ms  (cached)
Module reset_data__locals__reset_qM_1511185b 1511185 load on device 'cuda:0' took 2.15 ms  (cached)
Module reset_data__locals__reset_mocap_841cb68f 841cb68 load on device 'cuda:0' took 6.06 ms  (cached)
Module reset_data__locals__reset_contact_76c1c25e 76c1c25 load on device 'cuda:0' took 3.26 ms  (cached)
Module reset_data__locals__reset_nworld_d108b6ac d108b6a load on device 'cuda:0' took 3.64 ms  (cached)
{
  "passed": true,
  "balanced_recording_assignment_preserved_across12_resets": true,
  "real20ms_tracking_error_steps": [
    {
      "tracking_error_terminates": true,
      "reset": true,
      "physical_failure": false,
      "reward": -8.0
    },
    {
      "tracking_error_terminates": false,
      "reset": false,
      "physical_failure": false,
      "reward": 0.00278075085952878
    }
  ],
  "physical_failure_still_terminates": true,
  "acceptance_limits_unchanged": true,
  "hardware_commands": false
}
