causal update 50 loss [0.0003114852006547153, 0.0002486508844141429, 8.004200277796016e-05, 0.0008437786004410596]
causal update 100 loss [0.00030939109274186194, 0.00027046808428493103, 7.978611055436118e-05, 0.0008811101769200407]
causal update 150 loss [0.00031627394491806626, 0.00024463597856499655, 7.955138231447412e-05, 0.0008407743300290088]
causal update 200 loss [0.00030975727713666856, 0.0002437002875800488, 7.92652591990978e-05, 0.0008322696849196193]
causal update 250 loss [0.00030962208984419703, 0.00024900709338713655, 7.901072920628115e-05, 0.0008415320963430723]
causal update 300 loss [0.0003011973749380559, 0.00025320404762450946, 7.87374851213322e-05, 0.0008404676449564467]
causal update 350 loss [0.0002988008491229266, 0.00027769780515872906, 7.841424391163085e-05, 0.0008822976332599964]
causal update 400 loss [0.00029617283144034445, 0.00024722686747721384, 7.806389039560271e-05, 0.0008238980872399509]
causal update 450 loss [0.00029346157680265605, 0.00025235773439471635, 7.771262111587326e-05, 0.000830167690721846]
causal update 500 loss [0.00029103943961672485, 0.00027818058267591993, 7.73745652156581e-05, 0.0008743746308410606]
causal update 550 loss [0.0002877462247852236, 0.00023322161682733924, 7.702699129682786e-05, 0.0007889615404921254]
causal update 600 loss [0.00028445429052226245, 0.0002562561091008017, 7.669721402199339e-05, 0.0008272354422942826]
causal update 650 loss [0.00028211966855451465, 0.0002424733552395689, 7.634901102268684e-05, 0.0007994842581172793]
causal update 700 loss [0.0002790476137306541, 0.00025046065928719004, 7.595705540930229e-05, 0.000810547722305264]
causal update 750 loss [0.0002752981090452522, 0.00026369587427112776, 7.56100050561494e-05, 0.0008305236513855377]
causal update 800 loss [0.0002722382196225226, 0.00023776284009903648, 7.522189299777622e-05, 0.0007799081083104128]
causal update 850 loss [0.0002721335331443697, 0.0002641023217081621, 7.488359189142156e-05, 0.000827371917366787]
causal update 900 loss [0.00026560178957879543, 0.0002820474257816001, 7.451960522357222e-05, 0.0008531151154275253]
causal update 950 loss [0.00026273002731613815, 0.00023195039244259453, 7.412094520672516e-05, 0.0007587271675984027]
causal update 1000 loss [0.0002607597562018782, 0.00024721754070874215, 7.374831379288184e-05, 0.000784152471678402]
causal update 1050 loss [0.0002576496044639498, 0.00022837781662743095, 7.338537875267351e-05, 0.0007464133031402889]
causal update 1100 loss [0.0002539568522479385, 0.00025038571257215666, 7.30159644178613e-05, 0.0007823795551879686]
causal update 1150 loss [0.0002515522646717727, 0.0002692814491678601, 7.265180500074012e-05, 0.000813978766680106]
causal update 1200 loss [0.00024857124662958086, 0.00028098531782891757, 7.228285716136144e-05, 0.0008319160403948763]
causal update 1250 loss [0.0002447946462780237, 0.0002508217734764907, 7.19296833033637e-05, 0.0007729241847402834]
causal update 1300 loss [0.00024397842935286462, 0.0002654536845313934, 7.159026178963497e-05, 0.0007983813702657]
causal update 1350 loss [0.0002394116309005767, 0.000247584740323732, 7.125308192302052e-05, 0.0007609769847995625]
causal update 1400 loss [0.00023673678515478969, 0.0002313351677557223, 7.09243170385495e-05, 0.0007284183138203879]
causal update 1450 loss [0.00023386819520965219, 0.00023647696360171253, 7.053520276443151e-05, 0.0007345126147627463]
causal update 1500 loss [0.00023057636281009763, 0.0002660920800757066, 7.019658211848506e-05, 0.000784746751137415]
causal update 1550 loss [0.00022782960149925202, 0.00023650560614914374, 6.988989562413308e-05, 0.0007278808095726773]
causal update 1600 loss [0.00022558031196240336, 0.00023472413514361498, 6.954795575828292e-05, 0.0007220494036756194]
causal update 1650 loss [0.00022294656082522124, 0.0002501386982114946, 6.921142086133886e-05, 0.0007471154453551374]
causal update 1700 loss [0.00022080792405176908, 0.0002093635607077344, 6.89180482186977e-05, 0.0006705207682986968]
causal update 1750 loss [0.00021806414588354528, 0.00024353669768885128, 6.858442906422461e-05, 0.0007295981828371474]
causal update 1800 loss [0.0002158943680115044, 0.00023064098442664876, 6.826143187995544e-05, 0.0007036504164503543]
causal update 1850 loss [0.00021480924624484032, 0.00021654256389003792, 6.79337158429928e-05, 0.0006765950783261807]
causal update 1900 loss [0.00021411324269138277, 0.0002610682206952562, 6.765453795058405e-05, 0.0007566040869841261]
causal update 1950 loss [0.0002086636086460203, 0.0002554913714014204, 6.735217205111472e-05, 0.0007407087976237549]
causal update 2000 loss [0.00020697985019069165, 0.00023689534201920803, 6.702788092511929e-05, 0.0007048779032665924]
causal update 2050 loss [0.00020470647723414004, 0.00023320896370451625, 6.670102580872328e-05, 0.0006955728136901401]
causal update 2100 loss [0.000202533949050121, 0.00023652503312937914, 6.646543797319864e-05, 0.0006991960336680715]
causal update 2150 loss [0.00020018710347358137, 0.0002446482491958659, 6.611652680448963e-05, 0.0007112749511530208]
causal update 2200 loss [0.00019803275063168257, 0.0002625754536572135, 6.587744021169193e-05, 0.0007414878838259566]
causal update 2250 loss [0.0001964694238267839, 0.0002444503844457884, 6.557921195354174e-05, 0.0007066600761350348]
causal update 2300 loss [0.0001941208029165864, 0.0002690739467289655, 6.533322083825385e-05, 0.0007488513110134441]
causal update 2350 loss [0.00019231373153161258, 0.0002317100905548932, 6.505054307488726e-05, 0.0006788034036137936]
causal update 2400 loss [0.00019063553190790117, 0.000244045630165876, 6.475052985869761e-05, 0.0006992613266238156]
causal update 2450 loss [0.00018855827511288226, 0.0002407715798430099, 6.451266657326331e-05, 0.0006909912957620046]
causal update 2500 loss [0.0001868208055384457, 0.00019774565364249572, 6.424074905321519e-05, 0.0006107254597608157]
causal update 2550 loss [0.00018523429753258824, 0.00025256272545437757, 6.395893121104691e-05, 0.0007085595635471902]
causal update 2600 loss [0.00018350809114053845, 0.00023442575246223314, 6.370342457114975e-05, 0.0006735899470435671]
causal update 2650 loss [0.0001816795120248571, 0.00022425181519190944, 6.345258785871207e-05, 0.0006530059626335965]
causal update 2700 loss [0.00018013281805906445, 0.0002642882987190083, 6.320377950647895e-05, 0.0007240296487495683]
causal update 2750 loss [0.00017840573855210096, 0.00024344668499006974, 6.292229270408085e-05, 0.0006841139221780193]
causal update 2800 loss [0.00017791824939195067, 0.00022583052669908964, 6.264146854238525e-05, 0.0006513049739885845]
causal update 2850 loss [0.00017542397836223245, 0.00022515108326253268, 6.242726770211383e-05, 0.0006473607162733321]
causal update 2900 loss [0.00017398016643710434, 0.0002023087027622974, 6.215219944659902e-05, 0.0006040956396391008]
causal update 2950 loss [0.00017262771143577993, 0.0002444119213669644, 6.192329190441959e-05, 0.0006790924862476533]
causal update 3000 loss [0.00017105242295656353, 0.00021373058484599588, 6.16918204471044e-05, 0.0006214818737071568]
causal update 3050 loss [0.00016943841183092445, 0.0002737374342736099, 6.146038895016065e-05, 0.00072877813612074]
causal update 3100 loss [0.00016853440320119262, 0.00023718163285941547, 6.12197032852064e-05, 0.0006611449903681665]
causal update 3150 loss [0.0001672431535553187, 0.00019793598296173202, 6.0985734881504716e-05, 0.0005882389685279742]
causal update 3200 loss [0.00016550040163565427, 0.00022337665187148822, 6.0760741745387145e-05, 0.0006325432408928169]
causal update 3250 loss [0.00016441685147583485, 0.0002082702167462384, 6.055744732964497e-05, 0.0006037804981103871]
causal update 3300 loss [0.000162736585480161, 0.00027566939614209236, 6.0327428182890864e-05, 0.0007244572414066962]
causal update 3350 loss [0.00016173157200682908, 0.00021050048532237774, 6.009669827318506e-05, 0.0006046909284293749]
causal update 3400 loss [0.00016024628712330014, 0.0002402971542007832, 5.985755101968563e-05, 0.0006571612969993922]
causal update 3450 loss [0.00015894541866146028, 0.0002366564811562344, 5.9626999001766607e-05, 0.0006490081447114906]
causal update 3500 loss [0.000157933245645836, 0.0002325074639354238, 5.945311141632855e-05, 0.000640275765348102]
causal update 3550 loss [0.000157372240209952, 0.00022651429036785588, 5.922157915142502e-05, 0.0006285827189890305]
causal update 3600 loss [0.00015562742191832513, 0.00021311074606837318, 5.9025670732428696e-05, 0.0006022633473015868]
causal update 3650 loss [0.00015451099898200482, 0.0002074360842702422, 5.879111124930031e-05, 0.0005905911720506645]
causal update 3700 loss [0.00015352049376815557, 0.00021223345725070362, 5.860002334212432e-05, 0.0005981351406242856]
causal update 3750 loss [0.00015219338820315897, 0.00022416890753598328, 5.839794703594613e-05, 0.0006183144038212226]
causal update 3800 loss [0.000151456129970029, 0.0002247534680448393, 5.81961360050569e-05, 0.0006184385453613352]
causal update 3850 loss [0.0001506996195530519, 0.00023531232949949496, 5.799202903200487e-05, 0.0006366826046606217]
causal update 3900 loss [0.00014943204587325454, 0.00020434811809449184, 5.781623308726723e-05, 0.0005789208837132264]
causal update 3950 loss [0.00014818421914242208, 0.00022088139871578568, 5.761074491173818e-05, 0.0006075386432602263]
causal update 4000 loss [0.00014717208978254348, 0.00022412398853829564, 5.743012312746229e-05, 0.0006122435818854465]
causal update 4050 loss [0.00014643545728176832, 0.00019995923644643078, 5.7207859251022984e-05, 0.0005673333321170854]
causal update 4100 loss [0.00014520504919346422, 0.0001968953290926997, 5.7037859815611196e-05, 0.0005603602262122881]
causal update 4150 loss [0.00014430152077693492, 0.0002104596514847147, 5.684434607065642e-05, 0.0005839342555642419]
causal update 4200 loss [0.00014333648141473532, 0.00021067833168587907, 5.6671475292208185e-05, 0.0005831940855189397]
causal update 4250 loss [0.00014242927136365324, 0.0001856760216877167, 5.6470622873163915e-05, 0.000536611301928286]
causal update 4300 loss [0.00014161012950353324, 0.00021191956597084598, 5.6284705078903444e-05, 0.00058333854611212]
causal update 4350 loss [0.00014076181105338037, 0.0002053496837673471, 5.613622817752106e-05, 0.0005703923124478534]
causal update 4400 loss [0.0001397652376908809, 0.00022875238832696068, 5.597301366821208e-05, 0.0006117978500756784]
causal update 4450 loss [0.00013912550639361143, 0.00019485755368688773, 5.57843430647407e-05, 0.0005493208183964493]
causal update 4500 loss [0.00013820925960317254, 0.000221567506615699, 5.561747725510541e-05, 0.0005968183233740861]
causal update 4550 loss [0.00013761820446234196, 0.00024170628263686027, 5.545402515942893e-05, 0.0006326926405677369]
causal update 4600 loss [0.0001366849464830011, 0.00019949438043061557, 5.527267434987464e-05, 0.0005548021466331479]
causal update 4650 loss [0.00013588275760412216, 0.00020068201257292912, 5.509641386771066e-05, 0.0005559837872985646]
causal update 4700 loss [0.00013487257820088416, 0.00022280333801218556, 5.492761315943836e-05, 0.0005950395337079458]
causal update 4750 loss [0.00013411781401373446, 0.00024300058531834913, 5.4757783135970824e-05, 0.0006308501127160277]
causal update 4800 loss [0.000133361027110368, 0.0002353576869225524, 5.458500394774638e-05, 0.0006160194841575318]
causal update 4850 loss [0.000132632369059138, 0.00019270941557480542, 5.4420606830935345e-05, 0.0005375568665789009]
causal update 4900 loss [0.00013192622282076627, 0.00021278732149846317, 5.426739892626303e-05, 0.0005732156250674346]
causal update 4950 loss [0.0001312419044552371, 0.000180387346916873, 5.407567612618092e-05, 0.0005134098366697366]
causal update 5000 loss [0.00013050413690507412, 0.00020569339269666992, 5.396693746222792e-05, 0.0005585904925292106]
causal update 5050 loss [0.0001296880072914064, 0.00021748496915787615, 5.383126541394229e-05, 0.0005790854552335955]
causal update 5100 loss [0.00012912564852740616, 0.0002553626006574643, 5.363658200768036e-05, 0.0006472210365559813]
causal update 5150 loss [0.00012865853204857558, 0.00023387951820116738, 5.3496239924585445e-05, 0.0006075397010770351]
causal update 5200 loss [0.00012767892621923238, 0.00023273122920362994, 5.334475110559139e-05, 0.0006043200745317401]
causal update 5250 loss [0.0001270936627406627, 0.00023336575217144153, 5.31844249445629e-05, 0.0006047285684551377]
causal update 5300 loss [0.0001264921884285286, 0.0002208080927137216, 5.3053190881051886e-05, 0.0005811557280353599]
causal update 5350 loss [0.00012577905727084726, 0.00021807329133689108, 5.290589532957167e-05, 0.0005753211877366724]
causal update 5400 loss [0.00012519865413196385, 0.00023334482041238177, 5.2754915127611077e-05, 0.0006023659789110234]
causal update 5450 loss [0.00012460167636163533, 0.00021588341640081007, 5.262463028056851e-05, 0.0005698795517261607]
causal update 5500 loss [0.00012395546946208924, 0.0002653675766692649, 5.248138542910034e-05, 0.00065909291924492]
causal update 5550 loss [0.00012332743790466338, 0.0001951634790078019, 5.2347857243142844e-05, 0.0005306426874185196]
causal update 5600 loss [0.0001227674656547606, 0.00022295776908023288, 5.221082990580114e-05, 0.0005804985203447403]
causal update 5650 loss [0.00012216127652209252, 0.00020596063674447403, 5.2070882872916425e-05, 0.0005488376465859756]
causal update 5700 loss [0.00012156966113252565, 0.00020947712800838708, 5.1954022236220905e-05, 0.0005545250379640037]
causal update 5750 loss [0.0001210457703564316, 0.00019826467837527417, 5.181718945120587e-05, 0.0005334708779491733]
causal update 5800 loss [0.0001204455184051767, 0.0002254549610780748, 5.1673471373152816e-05, 0.0005821811592746015]
causal update 5850 loss [0.00011994702072115615, 0.0002152393882364614, 5.152968757334285e-05, 0.0005629585815664243]
causal update 5900 loss [0.00011938801617361605, 0.00023775700741359007, 5.1400797326344206e-05, 0.0006032262005805467]
causal update 5950 loss [0.00011885941057698801, 0.00023615652447118955, 5.126884998219068e-05, 0.000599654655996626]
causal update 6000 loss [0.0001183149652206339, 0.00023413593880535895, 5.115109841660138e-05, 0.0005953173758659496]
causal update 6050 loss [0.00011807859118562192, 0.00019061502183952456, 5.1005501690513016e-05, 0.0005157786567053452]
causal update 6100 loss [0.00011733381688827649, 0.00022035604705836534, 5.08813545715002e-05, 0.0005690033301514121]
causal update 6150 loss [0.0001168132948805578, 0.0002068884225948348, 5.079289796897049e-05, 0.0005438991562300081]
causal update 6200 loss [0.00011635240662144497, 0.0002123213302655503, 5.064453769496019e-05, 0.0005531713930963348]
causal update 6250 loss [0.00011588074994506314, 0.00021314633816688829, 5.0542669055918074e-05, 0.0005540984093004078]
causal update 6300 loss [0.00011536603415152058, 0.0002060641746848201, 5.041030833791095e-05, 0.0005405701466384302]
causal update 6350 loss [0.00011491814802866429, 0.000196980895717663, 5.0293747591335924e-05, 0.0005234848431792767]
causal update 6400 loss [0.00011446999997133389, 0.0002476070187525876, 5.0182212784779016e-05, 0.0006150050052015583]
causal update 6450 loss [0.00011399493814678863, 0.00022285169795392858, 5.0077588116490825e-05, 0.0005693998266781504]
causal update 6500 loss [0.00011357844050507993, 0.00023447725072283854, 4.9965812254575354e-05, 0.0005900163501983617]
causal update 6550 loss [0.00011311897833365947, 0.00021303842577945223, 4.985671919967776e-05, 0.0005504544145394374]
causal update 6600 loss [0.00011270299000898376, 0.00021973358988255104, 4.972051662061364e-05, 0.0005620795272715202]
causal update 6650 loss [0.00011226350761717185, 0.0002173524164712968, 4.9644144955654563e-05, 0.0005572327455194939]
causal update 6700 loss [0.00011186101619387046, 0.00019664628164961184, 4.95456816408015e-05, 0.0005190710423717176]
causal update 6750 loss [0.00011143523443024606, 0.0002080459019754776, 4.9442266716187295e-05, 0.0005392757120836933]
causal update 6800 loss [0.00011102692951681092, 0.00020721349098274246, 4.932495384849144e-05, 0.0005372360878865523]
causal update 6850 loss [0.000110640175989829, 0.00022661627929131613, 4.922216965002087e-05, 0.0005720367448414259]
causal update 6900 loss [0.00011022254329873249, 0.0002055492641144174, 4.9142690073062886e-05, 0.0005332225074724588]
causal update 6950 loss [0.00010982912499457598, 0.00019543567346846217, 4.9038865560532984e-05, 0.0005143304557686819]
causal update 7000 loss [0.00010948829003609717, 0.00018026329169818316, 4.894674512732429e-05, 0.0004863016570413858]
causal update 7050 loss [0.00010909880802500993, 0.00021090820600018275, 4.8842466518387036e-05, 0.0005415455035363965]
causal update 7100 loss [0.00010871152335312217, 0.00018786987167989072, 4.876428778989323e-05, 0.0004991774388014281]
causal update 7150 loss [0.00010838812158908695, 0.00020264944088039253, 4.86508488710294e-05, 0.0005256219857872585]
causal update 7200 loss [0.0001080277215805836, 0.00023779791773285774, 4.8551522145056294e-05, 0.0005890910393452687]
causal update 7250 loss [0.00010765413026092574, 0.00018860529748857376, 4.845693034175846e-05, 0.0004991502960084273]
causal update 7300 loss [0.00010730093345046043, 0.0002170423544747169, 4.835538952338451e-05, 0.0005504174687162108]
causal update 7350 loss [0.00010696452227421105, 0.0002473105693793304, 4.829117888337715e-05, 0.0006050693053209821]
causal update 7400 loss [0.00010664626461220905, 0.00021206627494661415, 4.820231458996209e-05, 0.0005405591280664618]
causal update 7450 loss [0.00010629446478560567, 0.00021691834633732966, 4.8131554832047924e-05, 0.0005489616167821171]
causal update 7500 loss [0.0001059911010088399, 0.0002037648739639547, 4.803572531690847e-05, 0.0005246386145305698]
causal update 7550 loss [0.00010566351556917652, 0.00023834345933049315, 4.795262829696917e-05, 0.0005871201818831346]
causal update 7600 loss [0.00010537936759646982, 0.00020428850571841634, 4.787457230351392e-05, 0.0005248181204239846]
causal update 7650 loss [0.00010507460683584213, 0.00023445800497712198, 4.7780254538220206e-05, 0.0005792919542504191]
causal update 7700 loss [0.00010476809256942943, 0.00023000127923008997, 4.770715045044759e-05, 0.0005708063504704132]
causal update 7750 loss [0.00010448022658238187, 0.00019849917552734866, 4.761984045800271e-05, 0.0005131344934763511]
causal update 7800 loss [0.00010417954763397574, 0.0002094673485786792, 4.7542485794548624e-05, 0.0005327056009937545]
causal update 7850 loss [0.00010388765076640993, 0.00018848719173165024, 4.7486272835941e-05, 0.0004941983458024654]
causal update 7900 loss [0.0001036210815072991, 0.0001981076668861258, 4.740079777843618e-05, 0.0005113442216671807]
causal update 7950 loss [0.00010337513231206685, 0.00023763781443980123, 4.7329382308605225e-05, 0.0005829251110429965]
causal update 8000 loss [0.00010308005585102364, 0.00023150910507786386, 4.7265445744513154e-05, 0.0005714190740395427]
causal update 8050 loss [0.00010278308764100075, 0.00019263434526164386, 4.7197664709706835e-05, 0.0005003481035935518]
causal update 8100 loss [0.00010255238157697022, 0.0001966628301035166, 4.714901733227517e-05, 0.0005073958421182278]
causal update 8150 loss [0.00010228270548395813, 0.000187223309312191, 4.707310139715066e-05, 0.0004898814534657593]
causal update 8200 loss [0.00010206960723735392, 0.00021547372903171812, 4.69854249610035e-05, 0.0005409631293796834]
causal update 8250 loss [0.00010180231765843928, 0.00023565751973993881, 4.692905429118467e-05, 0.0005773501672096028]
causal update 8300 loss [0.00010156084317713976, 0.0001942122853328302, 4.6860204949246744e-05, 0.0005016583895696313]
causal update 8350 loss [0.00010132070019608364, 0.0002065332576968287, 4.678966793835682e-05, 0.0005237573502159997]
causal update 8400 loss [0.00010110100265592337, 0.00021171269046833224, 4.6735509088871806e-05, 0.00053290395381041]
causal update 8450 loss [0.00010086136899190024, 0.000226022467843345, 4.6680368732702724e-05, 0.0005586361003216953]
causal update 8500 loss [0.00010062813817057759, 0.00019887088001776637, 4.6616422891187016e-05, 0.0005089550513511205]
causal update 8550 loss [0.00010039041808340698, 0.00020787626487873577, 4.657143622533004e-05, 0.0005250515257683809]
causal update 8600 loss [0.00010019809997174889, 0.00021080624617899005, 4.649162237145174e-05, 0.0005301085046940867]
causal update 8650 loss [9.997800225391984e-05, 0.00019579576072310055, 4.644009018223337e-05, 0.0005025354918332053]
causal update 8700 loss [9.98054601950571e-05, 0.0002462533941322454, 4.63677998691096e-05, 0.0005940640519138085]
causal update 8750 loss [9.959362068912014e-05, 0.0002094985671695249, 4.631738602077096e-05, 0.0005269513552970584]
causal update 8800 loss [9.937797585735098e-05, 0.00020760466009385836, 4.627172141273822e-05, 0.0005232453683014442]
causal update 8850 loss [9.919560397975147e-05, 0.00018739375672047445, 4.622197990655412e-05, 0.0004862532437600472]
causal update 8900 loss [9.900034638121724e-05, 0.0002191461057919675, 4.6160372942452885e-05, 0.0005437482116902458]
causal update 8950 loss [9.881915320875123e-05, 0.00025131431900313184, 4.6098998298879256e-05, 0.0006020138587083905]
causal update 9000 loss [9.863512241281569e-05, 0.00021062548008445844, 4.6050429496948655e-05, 0.0005277755531305279]
causal update 9050 loss [9.844241867540404e-05, 0.0001944334403776318, 4.600825096833613e-05, 0.0004980902524793799]
causal update 9100 loss [9.82606943580322e-05, 0.00021646985504021423, 4.594641401184363e-05, 0.0005379269802408441]
causal update 9150 loss [9.806133311940357e-05, 0.00021224582921840676, 4.589921870622724e-05, 0.0005299976777316575]
causal update 9200 loss [9.788709576241672e-05, 0.00020460330840544163, 4.586050696023358e-05, 0.0005158843529172744]
causal update 9250 loss [9.772222983883694e-05, 0.0002073093661885292, 4.581481102841221e-05, 0.0005205956252056377]
causal update 9300 loss [9.754352504387498e-05, 0.00019279496931624422, 4.5763592797909734e-05, 0.0004939666154538539]
causal update 9350 loss [9.735477942740545e-05, 0.0001915995370402833, 4.571461733519805e-05, 0.0004915546173030022]
causal update 9400 loss [9.718207002151757e-05, 0.00021551540190735806, 4.566449746566069e-05, 0.000534830460160927]
causal update 9450 loss [9.700855298433453e-05, 0.0002500745828337435, 4.5625318132421534e-05, 0.0005974747204035829]
causal update 9500 loss [9.685480472398922e-05, 0.0002041867060102544, 4.557308295603138e-05, 0.0005138069127788165]
causal update 9550 loss [9.668783604865894e-05, 0.00023583648870775906, 4.552620967190745e-05, 0.0005711583534592505]
causal update 9600 loss [9.651854634284973e-05, 0.00022747641134126498, 4.547418344282587e-05, 0.0005557315550383297]
causal update 9650 loss [9.63574493653141e-05, 0.00018848610082972543, 4.5435184085974614e-05, 0.0004846150714963069]
causal update 9700 loss [9.618642798159271e-05, 0.0001959237312975204, 4.5393012441261e-05, 0.0004979295953606459]
causal update 9750 loss [9.602064528735355e-05, 0.00020859675926111908, 4.533919685907525e-05, 0.0005207599637648858]
causal update 9800 loss [9.585770021658391e-05, 0.00023361223710430018, 4.5289781823744836e-05, 0.0005660462747295388]
causal update 9850 loss [9.571254486218095e-05, 0.0002115727056440172, 4.525019217698071e-05, 0.0005257755717965998]
causal update 9900 loss [9.557189332554117e-05, 0.00018548336534808763, 4.5197503568380694e-05, 0.00047813039723033527]
causal update 9950 loss [9.54066272242926e-05, 0.00024206108179203632, 4.516243135811214e-05, 0.0005808347856066299]
causal update 10000 loss [9.525971108814701e-05, 0.00018697567661573344, 4.510746055519532e-05, 0.00048044241873240387]
CONTINUATION_COMPLETE b5979023fe9bceb14e0d54cf04bf727fbc413d5a1443b39018e149443b418de6
