Setting seed: 20260906
Warp 1.12.0 initialized:
   CUDA Toolkit 12.9, Driver 12.9
   Devices:
     "cpu"      : "x86_64"
     "cuda:0"   : "NVIDIA GeForce RTX 3070 Laptop GPU" (8 GiB, sm_86, mempool enabled)
   Kernel cache:
     /root/.cache/warp/1.12.0
Warp DeprecationWarning: The symbol `warp.context.runtime` will soon be removed from the public API. It can still be accessed from `warp._src.context.runtime` but might be changed or removed without notice.
Module mujoco_warp._src.smooth 75c1b76 load on device 'cuda:0' took 5.63 ms  (cached)
Module mujoco_warp._src.collision_driver 4d8b905 load on device 'cuda:0' took 0.71 ms  (cached)
Module _nxn_broadphase__locals__kernel_e916423b e916423 load on device 'cuda:0' took 1.19 ms  (cached)
Module _primitive_narrowphase__locals__primitive_narrowphase_886c85b7 886c85b load on device 'cuda:0' took 1.22 ms  (cached)
Module mujoco_warp._src.constraint e4fb920 load on device 'cuda:0' took 4.50 ms  (cached)
Module _actuator_velocity__locals__actuator_velocity_54391827 7ce5a05 load on device 'cuda:0' took 1.89 ms  (cached)
Module mujoco_warp._src.passive 7fb8524 load on device 'cuda:0' took 1.66 ms  (cached)
Module mujoco_warp._src.sensor 912ac95 load on device 'cuda:0' took 4.99 ms  (cached)
Module mujoco_warp._src.forward 5922a95 load on device 'cuda:0' took 1.70 ms  (cached)
Module mujoco_warp._src.support 343d1ae load on device 'cuda:0' took 0.77 ms  (cached)
Module _tile_cholesky_factorize_solve__locals__cholesky_factorize_solve_7c4626c2 68c124c load on device 'cuda:0' took 212.90 ms  (cached)
Module mujoco_warp._src.solver 4a4fc90 load on device 'cuda:0' took 3.23 ms  (cached)
Module solve_init_jaref__locals__kernel_e8e73468 e8e7346 load on device 'cuda:0' took 0.90 ms  (cached)
Module mul_m_dense__locals___mul_m_dense_5b182806 5b18280 load on device 'cuda:0' took 1.44 ms  (cached)
Module update_constraint_efc__locals__kernel_84abb40b 84abb40 load on device 'cuda:0' took 0.91 ms  (cached)
Module update_constraint_gauss_cost__locals__kernel_026115d4 026115d load on device 'cuda:0' took 1.53 ms  (cached)
Module update_gradient_JTDAJ_dense_tiled__locals__kernel_39517fdb 4e5a3dd load on device 'cuda:0' took 4.22 ms  (cached)
Module update_gradient_cholesky__locals__kernel_ac06d661 8d9cf28 load on device 'cuda:0' took 213.56 ms  (cached)
Module linesearch_jv_fused__locals__kernel_0ca87d41 0ca87d4 load on device 'cuda:0' took 0.93 ms  (cached)
Module linesearch_prepare_gauss__locals__kernel_b235c0c8 b235c0c load on device 'cuda:0' took 0.74 ms  (cached)
Module update_constraint_efc__locals__kernel_19805a28 19805a2 load on device 'cuda:0' took 0.73 ms  (cached)
Module _contact_sort__locals__contact_sort_c2bd81ce 47863e6 load on device 'cuda:0' took 0.88 ms  (cached)
Module _tile_euler_dense__locals__euler_dense_2facc489 09a40c4 load on device 'cuda:0' took 206.38 ms  (cached)
Module reset_data__locals__reset_xfrc_applied_f86f0829 f86f082 load on device 'cuda:0' took 1.44 ms  (cached)
Module reset_data__locals__reset_qM_1511185b 1511185 load on device 'cuda:0' took 1.31 ms  (cached)
Module reset_data__locals__reset_mocap_841cb68f 841cb68 load on device 'cuda:0' took 1.86 ms  (cached)
Module reset_data__locals__reset_contact_76c1c25e 76c1c25 load on device 'cuda:0' took 1.31 ms  (cached)
Module reset_data__locals__reset_nworld_d108b6ac d108b6a load on device 'cuda:0' took 1.54 ms  (cached)

+-----------------------------------+
|          Base Environment         |
+------------------------+----------+
| Property               | Value    |
+------------------------+----------+
| Number of environments | 32       |
| Environment device     | cuda:0   |
| Environment seed       | 20260906 |
| Physics step-size      | 0.002    |
| Environment step-size  | 0.02     |
+------------------------+----------+

[INFO] <EventManager> contains 0 active terms.

[INFO] <CommandManager> contains 1 active terms.
+--------------------------------------+
|         Active Command Terms         |
+-------+--------+---------------------+
| Index | Name   |         Type        |
+-------+--------+---------------------+
|   0   | motion | CorpusMotionCommand |
+-------+--------+---------------------+

[INFO] <ActionManager> contains 1 active terms.
+---------------------------------+
| Active Action Terms (shape: 23) |
+-------+-----------+-------------+
| Index | Name      |   Dimension |
+-------+-----------+-------------+
|   0   | joint_pos |          23 |
+-------+-----------+-------------+

[INFO] <ObservationManager> contains 3 groups.
+----------------------------------------------------------------+
| Active Observation Terms in Group: 'tokenizer' (shape: (268,)) |
+---------+-----------------------------------------+------------+
|  Index  | Name                                    |   Shape    |
+---------+-----------------------------------------+------------+
|    0    | encoder_index                           |    (1,)    |
|    1    | causal_history_lower_body               |   (240,)   |
|    2    | vr_3point_local_target                  |    (9,)    |
|    3    | vr_3point_local_orn_target              |   (12,)    |
|    4    | motion_anchor_ori_b                     |    (6,)    |
+---------+-----------------------------------------+------------+
+-------------------------------------------------------------+
| Active Observation Terms in Group: 'policy' (shape: (930,)) |
+--------+------------------------+---------------------------+
| Index  | Name                   |           Shape           |
+--------+------------------------+---------------------------+
|   0    | base_ang_vel           |      (30,)  ← 10×(3,)     |
|   1    | joint_pos_rel          |     (290,)  ← 10×(29,)    |
|   2    | joint_vel              |     (290,)  ← 10×(29,)    |
|   3    | previous_action        |     (290,)  ← 10×(29,)    |
|   4    | projected_gravity      |      (30,)  ← 10×(3,)     |
+--------+------------------------+---------------------------+
+-------------------------------------------------------------+
| Active Observation Terms in Group: 'critic' (shape: (256,)) |
+-----------+------------------------------------+------------+
|   Index   | Name                               |   Shape    |
+-----------+------------------------------------+------------+
|     0     | command                            |   (46,)    |
|     1     | motion_anchor_pos_b                |    (3,)    |
|     2     | motion_anchor_ori_b                |    (6,)    |
|     3     | body_pos                           |   (42,)    |
|     4     | body_ori                           |   (84,)    |
|     5     | base_lin_vel                       |    (3,)    |
|     6     | base_ang_vel                       |    (3,)    |
|     7     | joint_pos                          |   (23,)    |
|     8     | joint_vel                          |   (23,)    |
|     9     | actions                            |   (23,)    |
+-----------+------------------------------------+------------+

[INFO] <TerminationManager> contains 6 active terms.
+----------------------------------------------+
|           Active Termination Terms           |
+-------+---------------------------+----------+
| Index | Name                      | Time Out |
+-------+---------------------------+----------+
|   0   | time_out                  |   True   |
|   1   | anchor_pos                |  False   |
|   2   | anchor_ori                |  False   |
|   3   | ee_body_pos               |  False   |
|   4   | corpus_clip_time_out      |   True   |
|   5   | stage_one_actuation_guard |  False   |
+-------+---------------------------+----------+

[INFO] <RewardManager> contains 15 active terms.
+----------------------------------------------------+
|                Active Reward Terms                 |
+-------+----------------------------------+---------+
| Index | Name                             |  Weight |
+-------+----------------------------------+---------+
|   0   | motion_global_root_pos           |     0.5 |
|   1   | motion_global_root_ori           |     0.5 |
|   2   | motion_body_pos                  |     1.0 |
|   3   | motion_body_ori                  |     1.0 |
|   4   | motion_body_lin_vel              |     1.0 |
|   5   | motion_body_ang_vel              |     1.0 |
|   6   | action_rate_l2                   |    -0.2 |
|   7   | joint_limit                      |   -20.0 |
|   8   | self_collisions                  |   -10.0 |
|   9   | action_target_reference_l2       |    -2.0 |
|   10  | action_target_soft_limit_barrier |   -10.0 |
|   11  | alive                            |     5.0 |
|   12  | non_timeout_termination          | -5000.0 |
|   13  | worst_ee_z_normalized_squared    |   -20.0 |
|   14  | right_wrist_prethreshold_barrier |   -25.0 |
+-------+----------------------------------+---------+

[INFO] <NullCurriculumManager> (inactive)
[INFO] <NullMetricsManager> (inactive)
{"completed_control_steps": 64, "noise_scale": 0.0}
{"completed_control_steps": 128, "noise_scale": 0.0}
{"noise_scale": 0.0, "control_steps_per_environment": 128, "sampled_transitions": 4096, "completed_episodes": 565, "completed_episode_mean_steps": 6.338053097345132, "completed_episode_median_steps": 3.0, "completed_episode_maximum_steps": 65, "one_step_completed_episodes": 130, "unfinished_episode_lengths_steps": [30, 6, 6, 2, 4, 15, 23, 3, 15, 2, 11, 24, 85, 63, 6, 2, 0, 8, 79, 2, 12, 1, 9, 5, 2, 38, 8, 3, 11, 1, 12, 27], "termination_counts_nonexclusive": {"time_out": 0, "anchor_pos": 4, "anchor_ori": 0, "ee_body_pos": 5, "corpus_clip_time_out": 7, "stage_one_actuation_guard": 554}, "invalid_controller_at_episode_start": 0, "guard_terminations_from_invalid_episode_start": 0, "guard_terminations_without_invalid_start_that_step": 554}
{"action_noise_scale": 0.0, "guarded_actor_calls": 128, "episode_audit": {"control_steps_per_environment": 128, "sampled_transitions": 4096, "completed_episodes": 565, "completed_episode_mean_steps": 6.338053097345132, "completed_episode_median_steps": 3.0, "completed_episode_maximum_steps": 65, "one_step_completed_episodes": 130, "unfinished_episode_lengths_steps": [30, 6, 6, 2, 4, 15, 23, 3, 15, 2, 11, 24, 85, 63, 6, 2, 0, 8, 79, 2, 12, 1, 9, 5, 2, 38, 8, 3, 11, 1, 12, 27], "termination_counts_nonexclusive": {"time_out": 0, "anchor_pos": 4, "anchor_ori": 0, "ee_body_pos": 5, "corpus_clip_time_out": 7, "stage_one_actuation_guard": 554}, "invalid_controller_at_episode_start": 0, "guard_terminations_from_invalid_episode_start": 0, "guard_terminations_without_invalid_start_that_step": 554}}
