test_api_exception_preserves_attempt_return_gap (test_scaffold.ScaffoldTests) ... ok
test_complete_dummy_transport_and_continuous_hold (test_scaffold.ScaffoldTests) ... ok
test_duplicate_admission_preserved (test_scaffold.ScaffoldTests) ... ok
test_failed_start_does_not_join_or_mask_first_error (test_scaffold.ScaffoldTests) ... ok
test_fixed_deadline_clock_does_not_rebase_or_skip (test_scaffold.ScaffoldTests) ... ok
test_held_result_locks_fail_command_coverage_without_waiting (test_scaffold.ScaffoldTests) ... ok
test_hung_worker_holds_and_fails_even_if_foundation_timing_passes (test_scaffold.ScaffoldTests) ... ok
test_identical_targets_preserve_distinct_raw_feedback (test_scaffold.ScaffoldTests) ... ok
test_late_result_not_silently_admitted (test_scaffold.ScaffoldTests) ... ok
test_logger_overflow_retains_returned_capture_and_no_extra_step (test_scaffold.ScaffoldTests) ... ok
test_native_bounds_and_dtypes_not_changed (test_scaffold.ScaffoldTests) ... ok
test_no_task_engines_imported (test_scaffold.ScaffoldTests) ... ok
test_owned_export_keeps_native373_and_hold_boundary (test_scaffold.ScaffoldTests) ... ok
test_owned_export_preserves_partial_failed_step (test_scaffold.ScaffoldTests) ... ok
test_readiness_failure_after_returned_start_still_joins (test_scaffold.ScaffoldTests) ... ok
test_result_during_wait_exposes_conservative_poll_gap (test_scaffold.ScaffoldTests) ... ok
test_strict_failure_counts_returned_and_captured (test_scaffold.ScaffoldTests) ... ok
test_stub_worker_lifecycle_no_restart_and_join (test_scaffold.ScaffoldTests) ... ok
test_transport_specific_failure_logged_without_remapping (test_scaffold.ScaffoldTests) ... ok
test_wrong_job_binding_and_digest_rejected (test_scaffold.ScaffoldTests) ... ok

----------------------------------------------------------------------
Ran 20 tests in 0.085s

OK
