update 50 global 55050 losses [0.0005575991235673428, 0.0003491605044228274, 9.550407792873036e-05, 0.0012881635845605872]
update 100 global 55100 losses [0.0004607487062457949, 0.0003531902407256358, 9.545258488337378e-05, 0.0011985910423429834]
update 150 global 55150 losses [0.00046051389654166996, 0.0003332452900212533, 9.551495323243758e-05, 0.001162142310072758]
update 200 global 55200 losses [0.0004621365515049547, 0.000329792070807486, 9.558585294176865e-05, 0.0011575550778610557]
update 250 global 55250 losses [0.000463185046100989, 0.00033386979091980316, 9.583506045737634e-05, 0.0011662694220721205]
update 300 global 55300 losses [0.0004652690840885043, 0.00031875456047669623, 9.590580911851177e-05, 0.0011409323134069658]
update 350 global 55350 losses [0.00046620654757134616, 0.0003341718150899974, 9.60215494460592e-05, 0.0011700267403697581]
update 400 global 55400 losses [0.0004704560269601643, 0.00032328031914017236, 9.613735248603119e-05, 0.0011545823435753066]
update 450 global 55450 losses [0.00046881509479135275, 0.0003267517407612039, 9.626653132095372e-05, 0.0011593844840424214]
update 500 global 55500 losses [0.0004712356021627784, 0.0003097604638357524, 9.62721938693377e-05, 0.0011309065663109965]
update 550 global 55550 losses [0.00047090352745726705, 0.00030249588236852087, 9.634451717847389e-05, 0.0011174338431410534]
update 600 global 55600 losses [0.00047387374797835946, 0.00030909319609299663, 9.647130416919762e-05, 0.001132530181986143]
update 650 global 55650 losses [0.0004801856121048331, 0.0002578043544551925, 9.651634273709077e-05, 0.0010456018734242116]
update 700 global 55700 losses [0.0004989055451005697, 0.0002898128284307064, 9.662507355870606e-05, 0.0011226482150336209]
update 750 global 55750 losses [0.0004745899932458997, 0.0002889340568209646, 9.669599284428772e-05, 0.0010968052543946628]
update 800 global 55800 losses [0.000506459444295615, 0.000299726167003861, 9.671078417257503e-05, 0.0011483184110971936]
update 850 global 55850 losses [0.0004760415176860988, 0.0002934325410953858, 9.68035106503869e-05, 0.0011065462333443865]
update 900 global 55900 losses [0.0004767902137245983, 0.00027333892002383444, 9.693947730338687e-05, 0.0010708842003666653]
update 950 global 55950 losses [0.0004758592986036092, 0.0002705864425527088, 9.69710767178382e-05, 0.001064978621422884]
update 1000 global 56000 losses [0.00047590013127774, 0.0002808978997259683, 9.695674776150208e-05, 0.0010837598177804667]
update 1050 global 56050 losses [0.00047670386265963316, 0.0002640137000728964, 9.697619433129963e-05, 0.0010538736624496256]
update 1100 global 56100 losses [0.0005668459343723953, 0.00027123099106130715, 9.707466643314443e-05, 0.001157241165131945]
update 1150 global 56150 losses [0.00047694024397060275, 0.00026374810806532585, 9.704756214398114e-05, 0.0010536983473093346]
update 1200 global 56200 losses [0.0005037489463575184, 0.00029243980590491894, 9.70291797753915e-05, 0.001132673723741481]
update 1250 global 56250 losses [0.0004775972047355026, 0.0002556798793333976, 9.70677192152749e-05, 0.0010397008030223873]
update 1300 global 56300 losses [0.00048504487494938076, 0.0002592545268431549, 9.708463675488067e-05, 0.001053667033968934]
update 1350 global 56350 losses [0.0004775920242536813, 0.000256842424817386, 9.714533689029522e-05, 0.0010418877021064349]
update 1400 global 56400 losses [0.0004783260519616306, 0.0002491081953811265, 9.728868239761612e-05, 0.001028697898060007]
update 1450 global 56450 losses [0.0004879313346464187, 0.0002456243582386102, 9.716302734543655e-05, 0.0010318410502830673]
update 1500 global 56500 losses [0.0005011761095374823, 0.00026771772784088305, 9.715038967758987e-05, 0.0010852570673697823]
update 1550 global 56550 losses [0.0004849568067584187, 0.00024762680621892585, 9.71536693100943e-05, 0.001032499258369035]
update 1600 global 56600 losses [0.0005820539663545787, 0.000249609324514713, 9.713210178752836e-05, 0.0011331806959274616]
update 1650 global 56650 losses [0.00048327038530260324, 0.0002603828939942105, 9.72141285405741e-05, 0.0010540743337363325]
update 1700 global 56700 losses [0.0005354270688258111, 0.00023940322665520655, 9.728111752608966e-05, 0.001068139751207311]
update 1750 global 56750 losses [0.0005788705893792212, 0.0002453522958412988, 9.727441013660753e-05, 0.001122396855063745]
update 1800 global 56800 losses [0.0004909889539703727, 0.0002528323824983156, 9.725656396412973e-05, 0.0010481023105746402]
update 1850 global 56850 losses [0.0004797214933205396, 0.0002431544446511107, 9.720941264920048e-05, 0.0010191852640885962]
update 1900 global 56900 losses [0.00048430432798340917, 0.00025526964649751646, 9.72647172955937e-05, 0.0010458587843416474]
update 1950 global 56950 losses [0.0006846988690085709, 0.00023251638482831792, 9.729602823310385e-05, 0.0012049005310330368]
update 2000 global 57000 losses [0.00047969567822292447, 0.0002735323676457237, 9.73013465173988e-05, 0.0010745033806346814]
update 2050 global 57050 losses [0.00048145712935365736, 0.0002523646758508324, 9.721843403471907e-05, 0.0010376816814563615]
update 2100 global 57100 losses [0.00048083526780828834, 0.0002629077455308982, 9.733340996267421e-05, 0.0010563507501203928]
update 2150 global 57150 losses [0.0004971178132109344, 0.00024972885186774746, 9.718162241311012e-05, 0.0010485114622435837]
update 2200 global 57200 losses [0.0004969282308593392, 0.00024750613399462815, 9.726535048396055e-05, 0.0010443628824939866]
update 2250 global 57250 losses [0.000477925525046885, 0.00024442725854302973, 9.735495782568467e-05, 0.0010198498613546484]
update 2300 global 57300 losses [0.0004926025867462158, 0.000255554057494046, 9.731183478860762e-05, 0.0010547214532296986]
update 2350 global 57350 losses [0.00047749641817063093, 0.00024741757097486547, 9.725207852639273e-05, 0.0010247567175865027]
update 2400 global 57400 losses [0.0004787827201653272, 0.0002423007666100849, 9.72338532827957e-05, 0.0010167182442014828]
update 2450 global 57450 losses [0.000490156642626971, 0.0002564251235809672, 9.729966317123955e-05, 0.0010538476505978828]
update 2500 global 57500 losses [0.00048111629439517856, 0.00023384441973148577, 9.73411327739029e-05, 0.0010037785184467448]
update 2550 global 57550 losses [0.00048783665988594294, 0.00023867247664466527, 9.719876268127568e-05, 0.0010191378841141496]
update 2600 global 57600 losses [0.0005964484298601747, 0.00026111223117088905, 9.72539253904164e-05, 0.0011686187087606294]
update 2650 global 57650 losses [0.0004747472994495183, 0.0002494330380601416, 9.719505275567906e-05, 0.0010256163465227025]
update 2700 global 57700 losses [0.00048727734247222543, 0.00024341512769255878, 9.718609143956206e-05, 0.0010271919277649647]
update 2750 global 57750 losses [0.0004940805374644697, 0.0002355489984947697, 9.724850544424242e-05, 0.0010197504574722643]
update 2800 global 57800 losses [0.0004750760563183576, 0.00022690595484845484, 9.719976063555083e-05, 0.0009849770840799797]
update 2850 global 57850 losses [0.00048638691077940166, 0.0002329982614155348, 9.722805550068216e-05, 0.0010073970472245213]
update 2900 global 57900 losses [0.0005204404005780816, 0.00022887475035481174, 9.726146074834446e-05, 0.0010339840146426735]
update 2950 global 57950 losses [0.0004847539821639657, 0.000246706630090742, 9.726359229026708e-05, 0.0010307327212861121]
update 3000 global 58000 losses [0.0004740050935652107, 0.00021168304086556226, 9.721695178968602e-05, 0.0009562355601066996]
update 3050 global 58050 losses [0.0006258762441575527, 0.00025498671853343215, 9.720058992493908e-05, 0.0011868519778831434]
update 3100 global 58100 losses [0.0004740002623293549, 0.0002535085640834485, 9.722191122595188e-05, 0.0010323088193175366]
update 3150 global 58150 losses [0.0005129872006364167, 0.00022883727269567384, 9.721933164463636e-05, 0.0010264205204518532]
update 3200 global 58200 losses [0.00047868891851976514, 0.0002441620274816352, 9.724887258453322e-05, 0.0010200247618188426]
update 3250 global 58250 losses [0.00047790826647542417, 0.00021871943980848816, 9.723351327771094e-05, 0.000972953243160316]
update 3300 global 58300 losses [0.0005227311630733311, 0.00024156865277701837, 9.726253915287002e-05, 0.0010593637891223244]
update 3350 global 58350 losses [0.00047329734661616385, 0.0002485040580670005, 9.723122740783051e-05, 0.0010225129202202762]
update 3400 global 58400 losses [0.0004781780007760972, 0.0002507076241860113, 9.725473341088351e-05, 0.0010314249722436553]
update 3450 global 58450 losses [0.00048492319183424115, 0.0002443350084114816, 9.716456294233422e-05, 0.001026489346801891]
update 3500 global 58500 losses [0.0004718874697573483, 0.00024775589332544617, 9.712220343155036e-05, 0.0010196332418019533]
update 3550 global 58550 losses [0.00048400243395008147, 0.00023976882600806974, 9.713834866287329e-05, 0.0010172373071706694]
update 3600 global 58600 losses [0.00047990691382437944, 0.00023596458812864615, 9.710927817876112e-05, 0.0010061934896311974]
update 3650 global 58650 losses [0.00048693083226680756, 0.00024088167280339492, 9.712470193220828e-05, 0.0010221761276396058]
update 3700 global 58700 losses [0.0004814414423890412, 0.00021557871659482774, 9.706192017605217e-05, 0.0009706024133084655]
update 3750 global 58750 losses [0.00047217722749337554, 0.00026176449436616297, 9.707048744120252e-05, 0.0010453504183020673]
update 3800 global 58800 losses [0.0005303779034875333, 0.0002452173119256969, 9.701531111001799e-05, 0.0010733995585940068]
update 3850 global 58850 losses [0.00047149870079010725, 0.0002274487200726444, 9.705331156855182e-05, 0.0009822404721563575]
update 3900 global 58900 losses [0.0004754564433824271, 0.00022407009664102414, 9.710526653741115e-05, 0.0009801050591923292]
update 3950 global 58950 losses [0.0004703611193690449, 0.00024635934995123024, 9.706132975931595e-05, 0.001015505955623961]
update 4000 global 59000 losses [0.00049522117478773, 0.00023552603398199276, 9.704678320746108e-05, 0.001020647604225566]
update 4050 global 59050 losses [0.000469224905828014, 0.00023332417229993642, 9.709401823784509e-05, 0.000990693778501202]
update 4100 global 59100 losses [0.0004762025491800159, 0.0002190303336785238, 9.70674325197182e-05, 0.0009716469053399491]
update 4150 global 59150 losses [0.00048398078070022166, 0.0002194384163267404, 9.70481740088631e-05, 0.000980148107552247]
update 4200 global 59200 losses [0.000485292577650398, 0.00023275609296280516, 9.701404099134319e-05, 0.0010056482385706615]
update 4250 global 59250 losses [0.0004998955992050469, 0.00022055289626255844, 9.695454667358347e-05, 0.0009979963379945426]
update 4300 global 59300 losses [0.0004688806366175413, 0.00022107648344552952, 9.697821441457024e-05, 0.00096795735439965]
update 4350 global 59350 losses [0.0004761414311360568, 0.00022583151811416462, 9.69469164041067e-05, 0.000983835406800758]
update 4400 global 59400 losses [0.00046942938934080303, 0.00022824877202200634, 9.691983418702837e-05, 0.0009814928344408407]
update 4450 global 59450 losses [0.000529930111952126, 0.00022891332569142535, 9.705210235217337e-05, 0.0010433345292446034]
update 4500 global 59500 losses [0.00046855828259140253, 0.00022906295375864873, 9.695194486123309e-05, 0.0009821346890317617]
update 4550 global 59550 losses [0.0004742281453218311, 0.00024341205660324152, 9.696013923132046e-05, 0.001013911192645243]
update 4600 global 59600 losses [0.0004671820206567645, 0.00022565781512101125, 9.687754347396347e-05, 0.0009744906887767996]
update 4650 global 59650 losses [0.0005016176146455109, 0.0002226859633983903, 9.683521437100032e-05, 0.001003478687976825]
update 4700 global 59700 losses [0.00047167239245027304, 0.00023408166018592242, 9.682389725765048e-05, 0.0009942488788553762]
update 4750 global 59750 losses [0.00047049525892362, 0.0002500335462390251, 9.683874216123507e-05, 0.0010221002121602251]
update 4800 global 59800 losses [0.000469992111902684, 0.00021051504856962848, 9.67676280686725e-05, 0.0009496488860575272]
update 4850 global 59850 losses [0.0004665350716095418, 0.00021262457640020208, 9.679100728556671e-05, 0.000950052078047991]
update 4900 global 59900 losses [0.00046844055759720504, 0.0002225795228922653, 9.675807820673115e-05, 0.0009700308985592466]
update 4950 global 59950 losses [0.00047674463712610304, 0.0002149673301114018, 9.673768910066483e-05, 0.0009644693745258579]
update 5000 global 60000 losses [0.00046875138650648296, 0.0002299231643150813, 9.668267653611591e-05, 0.0009836230934620273]
update 5050 global 60050 losses [0.0004731081426143646, 0.0002516446474383056, 9.668337197528802e-05, 0.0010274880300144853]
update 5100 global 60100 losses [0.00046611062134616077, 0.00025712885095399116, 9.66985040605366e-05, 0.0010304804241800425]
update 5150 global 60150 losses [0.00046682331594638526, 0.0002523479243394238, 9.667359924292889e-05, 0.0010224725652601538]
update 5200 global 60200 losses [0.0004677523684222251, 0.00022815610113405488, 9.672872881631483e-05, 0.000979456156414294]
update 5250 global 60250 losses [0.0004664844600483775, 0.00023806309360994827, 9.662623552522426e-05, 0.0009961047985904059]
update 5300 global 60300 losses [0.00047650214401073754, 0.00023613492811010538, 9.659075382499447e-05, 0.0010025800133627394]
update 5350 global 60350 losses [0.0004646805173251778, 0.0002355266870355427, 9.658776956192664e-05, 0.0009896491209048504]
update 5400 global 60400 losses [0.0004653615178540349, 0.00022033012782131538, 9.659386519590526e-05, 0.0009626963992944739]
update 5450 global 60450 losses [0.000472607440315187, 0.00022555094284480205, 9.660424230618624e-05, 0.0009794484257500376]
update 5500 global 60500 losses [0.0004663450818043202, 0.00023709689452039348, 9.652417458016533e-05, 0.0009941060164138761]
update 5550 global 60550 losses [0.0004646930901799351, 0.0002329035932456608, 9.655188079156562e-05, 0.000984854867480807]
update 5600 global 60600 losses [0.0004696460091508925, 0.0002442791135897674, 9.649079177039596e-05, 0.0010104367302830454]
update 5650 global 60650 losses [0.00046811625361442566, 0.00022332943904893764, 9.647886145166145e-05, 0.000970791340914846]
update 5700 global 60700 losses [0.00046513715642504394, 0.00022850791260984617, 9.644893343210427e-05, 0.0009772010310577946]
update 5750 global 60750 losses [0.00047938741045072675, 0.00021899876001429733, 9.649961149681869e-05, 0.0009742065187509779]
update 5800 global 60800 losses [0.000462269876152277, 0.00022568408348848563, 9.639082681607213e-05, 0.0009691396050671952]
update 5850 global 60850 losses [0.0004640132829081267, 0.00022116481330931823, 9.647150630844723e-05, 0.0009627439487763881]
update 5900 global 60900 losses [0.0004653717332985252, 0.00023161406461740636, 9.640138008845699e-05, 0.0009830375884231882]
update 5950 global 60950 losses [0.00047972958418540657, 0.00023347606808235457, 9.632368212033326e-05, 0.0010007043919474377]
update 6000 global 61000 losses [0.0004612923657987267, 0.00023043209133716204, 9.633808092189024e-05, 0.0009767451241863192]
update 6050 global 61050 losses [0.0004642913700081408, 0.00021061960593024519, 9.633305234002033e-05, 0.000943703739535142]
update 6100 global 61100 losses [0.00046078269951976836, 0.00023901962153671682, 9.634394180281599e-05, 0.0009918604972149025]
update 6150 global 61150 losses [0.000472265703137964, 0.0002317536049293509, 9.632920066724656e-05, 0.0009901131776612541]
update 6200 global 61200 losses [0.00046518733142875135, 0.0002420051356710889, 9.627713532582603e-05, 0.0010016284378111318]
update 6250 global 61250 losses [0.00046021046000532806, 0.00022529629659198978, 9.623397899076046e-05, 0.0009662180262270828]
update 6300 global 61300 losses [0.00046039384324103594, 0.0002314308760473313, 9.619049058546057e-05, 0.000977515621683708]
update 6350 global 61350 losses [0.0004618099774233997, 0.00021347469844505804, 9.624092833932626e-05, 0.0009463231245613562]
update 6400 global 61400 losses [0.0004598071682266891, 0.0002516468605049623, 9.625006136054355e-05, 0.001013757770183701]
update 6450 global 61450 losses [0.00046670230221934617, 0.00022721303405485137, 9.621201905915617e-05, 0.0009761741104480896]
update 6500 global 61500 losses [0.00045938475523144007, 0.00022865169145552352, 9.616887834532741e-05, 0.0009714300827305066]
update 6550 global 61550 losses [0.0004592138575389981, 0.00021149585756795073, 9.612907709245604e-05, 0.0009400159965107851]
update 6600 global 61600 losses [0.0004594831552822143, 0.00023548489849119765, 9.606710589824826e-05, 0.0009838550893251407]
update 6650 global 61650 losses [0.00046487743384204805, 0.0002213772929848284, 9.603958469294039e-05, 0.0009635626405452048]
update 6700 global 61700 losses [0.0004584156849887222, 0.0002226684451102999, 9.61125903644678e-05, 0.0009595222716869914]
update 6750 global 61750 losses [0.0004584762209560722, 0.00022751754219480993, 9.607108729079866e-05, 0.0009683609431508949]
update 6800 global 61800 losses [0.00045910285552963614, 0.0002446789794713602, 9.600672275496127e-05, 0.001000136792023373]
update 6850 global 61850 losses [0.0004578411753755063, 0.0002436367135885572, 9.600059926415154e-05, 0.0009969732935263423]
update 6900 global 61900 losses [0.0004580730164889246, 0.00023618417742259936, 9.598537870805706e-05, 0.0009836350863972451]
update 6950 global 61950 losses [0.0004575694038067013, 0.00021329624354927105, 9.597282164444459e-05, 0.0009414898667759708]
update 7000 global 62000 losses [0.0004604102286975831, 0.0002170519799917189, 9.588806629635663e-05, 0.0009510769478267041]
update 7050 global 62050 losses [0.0004567758005578071, 0.0002295635350320952, 9.587100716482974e-05, 0.0009701817369269466]
update 7100 global 62100 losses [0.0004572342149913311, 0.00021355586726685247, 9.589002836393313e-05, 0.0009415440936941424]
update 7150 global 62150 losses [0.0004569516167975962, 0.00021868473718618224, 9.588810843695448e-05, 0.0009505880707909558]
update 7200 global 62200 losses [0.0004563539696391672, 0.0002248931291552709, 9.581800639917822e-05, 0.0009612122739552316]
update 7250 global 62250 losses [0.00045631921966560185, 0.00021681108862170982, 9.578947337846628e-05, 0.0009464492076459125]
update 7300 global 62300 losses [0.00045612361282110214, 0.0002158540972876641, 9.572845467354002e-05, 0.0009444519863661846]
update 7350 global 62350 losses [0.0004559891240205616, 0.00024184746933868066, 9.57489734908758e-05, 0.0009916153017653691]
update 7400 global 62400 losses [0.00045572672388516366, 0.00023704829875501897, 9.571534913432928e-05, 0.0009825904460607129]
update 7450 global 62450 losses [0.0004557248030323535, 0.00022116000094875892, 9.574262222500377e-05, 0.000953717831995757]
update 7500 global 62500 losses [0.00045515477540902793, 0.00021008528925080437, 9.570237723423812e-05, 0.0009329646435474192]
update 7550 global 62550 losses [0.000454756838735193, 0.00022924226097952282, 9.564919918455805e-05, 0.0009673566271992674]
update 7600 global 62600 losses [0.00045467159361578524, 0.00022947970678796313, 9.562922317347467e-05, 0.0009676832774406957]
update 7650 global 62650 losses [0.00045424673589877784, 0.0002259255807009628, 9.559633690524862e-05, 0.0009607612150526663]
update 7700 global 62700 losses [0.0004546003765426576, 0.00023349589898365362, 9.558698861133599e-05, 0.0009748745596511775]
update 7750 global 62750 losses [0.0004542151000350714, 0.0002310902516825412, 9.553488399136636e-05, 0.0009700617372087801]
update 7800 global 62800 losses [0.0004535461775958538, 0.0002191530272689974, 9.55686382661588e-05, 0.0009477148971548794]
update 7850 global 62850 losses [0.0004535710613708943, 0.0002398602748687458, 9.548426125023765e-05, 0.0009853181762674924]
update 7900 global 62900 losses [0.00045350147411227226, 0.00022082310215379802, 9.550542980059186e-05, 0.0009506445521202396]
update 7950 global 62950 losses [0.00045319562195800245, 0.00022969576616182417, 9.552523956964468e-05, 0.000966496295459253]
update 8000 global 63000 losses [0.00045320542994886637, 0.00024085246175381593, 9.542064415199186e-05, 0.0009866935378772957]
update 8050 global 63050 losses [0.00045268202666193247, 0.00021067241318951577, 9.538746030867029e-05, 0.000931244851098392]
update 8100 global 63100 losses [0.0004525918047875166, 0.00021992029616960866, 9.542524226588032e-05, 0.000948012652971081]
update 8150 global 63150 losses [0.00045241095358505845, 0.00020961253599103744, 9.537017203117e-05, 0.0009290287630649088]
update 8200 global 63200 losses [0.00045219334424473345, 0.00023435756714759246, 9.529536492802518e-05, 0.0009737431236370751]
update 8250 global 63250 losses [0.0004518118512351066, 0.00022899045571442398, 9.529124026038207e-05, 0.0009635956921248405]
update 8300 global 63300 losses [0.00045179814333096147, 0.00021089227875123134, 9.528959210272095e-05, 0.0009306629956152266]
update 8350 global 63350 losses [0.0004515083855949342, 0.00021167971437718565, 9.525983688743423e-05, 0.0009317756869479677]
update 8400 global 63400 losses [0.0004513203166425228, 0.00021142364555177078, 9.529637906810799e-05, 0.0009311584168739408]
update 8450 global 63450 losses [0.00045106743345968425, 0.00020707219508131022, 9.530439387231692e-05, 0.0009229990399307617]
update 8500 global 63500 losses [0.0004509716818574816, 0.0002230328413000563, 9.520236804154531e-05, 0.0009518308175970651]
update 8550 global 63550 losses [0.0004505873075686395, 0.00022533241884861195, 9.518734480897348e-05, 0.0009556139395197858]
update 8600 global 63600 losses [0.00045056294766254723, 0.00021316640863179272, 9.513646589481413e-05, 0.0009334109084355391]
update 8650 global 63650 losses [0.0004502293886616826, 0.00021164972613752604, 9.51385316506654e-05, 0.0009303208415443213]
update 8700 global 63700 losses [0.0004507901321630925, 0.00023116312628546036, 9.513236493612243e-05, 0.0009663667961241118]
update 8750 global 63750 losses [0.00045016410876996815, 0.00022214844679651602, 9.508682268317102e-05, 0.0009492991440451901]
update 8800 global 63800 losses [0.0004496249312069267, 0.00021193643425515866, 9.509847451056978e-05, 0.0009301977976333104]
update 8850 global 63850 losses [0.00044948444701731205, 0.00021263023955832842, 9.505629962503349e-05, 0.0009312770460649421]
update 8900 global 63900 losses [0.0004493689921218902, 0.0002306454429778419, 9.501721669711487e-05, 0.0009638889346834848]
update 8950 global 63950 losses [0.0004492562438827008, 0.0002436804428133793, 9.498984693812995e-05, 0.0009874571453305737]
update 9000 global 64000 losses [0.00044898095075041056, 0.00023405625404276557, 9.500824883972238e-05, 0.0009696955795163219]
update 9050 global 64050 losses [0.00044881622307002544, 0.00021802482891897975, 9.496958451826181e-05, 0.0009403338982715079]
update 9100 global 64100 losses [0.00044901727233082056, 0.00020957549123501958, 9.494595352044548e-05, 0.0009251434855276921]
update 9150 global 64150 losses [0.00044839680776931345, 0.0002265495249167123, 9.488967085770091e-05, 0.0009553394635845103]
update 9200 global 64200 losses [0.00044863088987767696, 0.00022254514700691087, 9.485961801160354e-05, 0.0009482602470697741]
update 9250 global 64250 losses [0.000448112899903208, 0.00021612497571813754, 9.482101426987337e-05, 0.0009360265123644247]
update 9300 global 64300 losses [0.0004479777708183974, 0.00020259323059455958, 9.483581112148481e-05, 0.0009112943608307691]
update 9350 global 64350 losses [0.00044766830978915095, 0.00021986561759466665, 9.4820856435559e-05, 0.0009423853216137453]
update 9400 global 64400 losses [0.0004480116185732186, 0.00022116185034118288, 9.477181735511097e-05, 0.0009450372063801114]
update 9450 global 64450 losses [0.00044734415132552385, 0.00023795158433653402, 9.473863254955074e-05, 0.0009748740715075706]
update 9500 global 64500 losses [0.0004477075708564371, 0.00021569467768399488, 9.474191982315415e-05, 0.0009347594538622977]
update 9550 global 64550 losses [0.0004472529690247029, 0.00023555721253187896, 9.472045970850617e-05, 0.0009704097831581917]
update 9600 global 64600 losses [0.00044707563938573003, 0.00022828339632083045, 9.465753557575916e-05, 0.0009569397612688974]
update 9650 global 64650 losses [0.00044678966514766216, 0.00022531492536779845, 9.46588478854596e-05, 0.000951255982668773]
update 9700 global 64700 losses [0.0004468431288842112, 0.00021119687392436885, 9.459886936716232e-05, 0.0009255712624651095]
update 9750 global 64750 losses [0.00044619408436119556, 0.0002230054214734702, 9.459476800536313e-05, 0.0009463957483140558]
update 9800 global 64800 losses [0.00044619981781579554, 0.0002246149341483131, 9.460493984555356e-05, 0.0009493390687170429]
update 9850 global 64850 losses [0.00044635552330873907, 0.00022262139172679444, 9.455632466894113e-05, 0.0009458202626395142]
update 9900 global 64900 losses [0.00044566052383743227, 0.00022130504686962427, 9.45763299157679e-05, 0.0009427510730273818]
update 9950 global 64950 losses [0.0004456166934687644, 0.000232207502552475, 9.451275517818135e-05, 0.0009624732809346044]
update 10000 global 65000 losses [0.000446204881882295, 0.00020816945264239085, 9.45213290947907e-05, 0.000919349138435441]
COMPLETE 8a1b67e09285a77910d62dd1b2214c8d3684004e55a82041544e750006b29a0a 045f04138610a06a0171a899d002cfa4f03e30e316dc9442199c833c16e43902
