step 70050 nominal 0.0002358309575356543 chord 0.00012128148542189717
step 70100 nominal 0.00026502663968130946 chord 0.00010076661369610277
step 70150 nominal 0.00028166468837298453 chord 9.577658114002584e-05
step 70200 nominal 0.0002928288886323571 chord 0.00010064537302275695
step 70250 nominal 0.00030078660347498953 chord 9.392297872654928e-05
step 70300 nominal 0.0003067184006795287 chord 0.00010096081232026704
step 70350 nominal 0.0003112939593847841 chord 0.00010579647190493653
step 70400 nominal 0.00031509611289948225 chord 8.742278720512478e-05
step 70450 nominal 0.00031826982740312815 chord 9.751776535569865e-05
step 70500 nominal 0.0003210931608919054 chord 9.118317810761757e-05
step 70550 nominal 0.0003229717549402267 chord 8.445001241566277e-05
step 70600 nominal 0.0003245457774028182 chord 9.51149139934189e-05
step 70650 nominal 0.00032594066578894854 chord 8.485936771314999e-05
step 70700 nominal 0.00032710039522498846 chord 9.065407170397196e-05
step 70750 nominal 0.0003278855874668807 chord 8.196080174307195e-05
step 70800 nominal 0.00032862822990864515 chord 8.213411113909911e-05
step 70850 nominal 0.00032925212872214615 chord 9.2126012720776e-05
step 70900 nominal 0.00032964779529720545 chord 0.00010210674816268052
step 70950 nominal 0.00032989407191053033 chord 9.793451380547352e-05
step 71000 nominal 0.0003302250406704843 chord 9.583760081529732e-05
step 71050 nominal 0.00033019378315657377 chord 8.937622114697589e-05
step 71100 nominal 0.0003301008837297559 chord 7.35497107333236e-05
step 71150 nominal 0.00033000032999552786 chord 8.019698935114402e-05
step 71200 nominal 0.0003297325747553259 chord 8.437189941051538e-05
step 71250 nominal 0.00032942945836111903 chord 9.356048263360315e-05
step 71300 nominal 0.00032917168573476374 chord 7.600136351304996e-05
step 71350 nominal 0.00032913690665736794 chord 8.795667292992531e-05
step 71400 nominal 0.0003285241546109319 chord 8.678018690536646e-05
step 71450 nominal 0.00032820782507769763 chord 9.768858229693241e-05
step 71500 nominal 0.0003280722303315997 chord 8.554255991359577e-05
step 71550 nominal 0.00032770392135716975 chord 8.261944717428881e-05
step 71600 nominal 0.00032697661663405597 chord 8.604668808907148e-05
step 71650 nominal 0.0003263565304223448 chord 8.16032562393631e-05
step 71700 nominal 0.00032588824979029596 chord 8.620950739023741e-05
step 71750 nominal 0.00032540151732973754 chord 8.544892571020841e-05
step 71800 nominal 0.00032496044877916574 chord 7.584200991442953e-05
step 71850 nominal 0.0003243905957788229 chord 9.211159230762086e-05
step 71900 nominal 0.0003239385550841689 chord 9.24676790207776e-05
step 71950 nominal 0.00032336689764633775 chord 8.901567468857439e-05
step 72000 nominal 0.00032269558869302273 chord 7.904300742185067e-05
step 72050 nominal 0.0003221485239919275 chord 8.673071022599458e-05
step 72100 nominal 0.00032188143813982606 chord 9.45974143143192e-05
step 72150 nominal 0.00032110954634845257 chord 8.221926568231559e-05
step 72200 nominal 0.00032058547367341816 chord 7.49188054950928e-05
step 72250 nominal 0.0003201849467586726 chord 8.007243611263223e-05
step 72300 nominal 0.00031970610143616796 chord 8.075418841330347e-05
step 72350 nominal 0.0003189702983945608 chord 7.087632028726553e-05
step 72400 nominal 0.00031855591805651784 chord 7.85606784342382e-05
step 72450 nominal 0.00031790047069080174 chord 9.317602456882667e-05
step 72500 nominal 0.0003176108293700963 chord 8.075331926330868e-05
step 72550 nominal 0.0003169076517224312 chord 8.03435132820904e-05
step 72600 nominal 0.0003164996742270887 chord 8.244622666621466e-05
step 72650 nominal 0.00031581922667101026 chord 8.484322991707888e-05
step 72700 nominal 0.00031531485728919506 chord 8.814937957760024e-05
step 72750 nominal 0.0003149772819597274 chord 8.727489314346918e-05
step 72800 nominal 0.0003144635120406747 chord 8.780801417171671e-05
step 72850 nominal 0.00031396502163261175 chord 9.36374587168779e-05
step 72900 nominal 0.0003136686282232404 chord 8.237016359044756e-05
step 72950 nominal 0.000313147553242743 chord 7.739789699076303e-05
step 73000 nominal 0.00031283131102100015 chord 8.028745363755616e-05
step 73050 nominal 0.00031227871659211814 chord 8.64330999711391e-05
step 73100 nominal 0.0003118542954325676 chord 7.437203723746151e-05
step 73150 nominal 0.0003115236759185791 chord 7.599201283202682e-05
step 73200 nominal 0.000311205891193822 chord 7.462451576192734e-05
step 73250 nominal 0.0003108439559582621 chord 7.942588647764226e-05
step 73300 nominal 0.00031039532041177154 chord 8.295011895322518e-05
step 73350 nominal 0.0003099776222370565 chord 8.364192941404671e-05
step 73400 nominal 0.0003097200533375144 chord 9.727483995761821e-05
step 73450 nominal 0.0003092902770731598 chord 7.447322683956732e-05
step 73500 nominal 0.00030917732510715723 chord 8.12897297271203e-05
step 73550 nominal 0.000308641348965466 chord 8.053768775690323e-05
step 73600 nominal 0.000308468472212553 chord 8.465944937899386e-05
step 73650 nominal 0.00030801488901488483 chord 7.441533311515011e-05
step 73700 nominal 0.0003079035086557269 chord 6.970024356778378e-05
step 73750 nominal 0.0003076293505728245 chord 8.204344333869867e-05
step 73800 nominal 0.0003073053667321801 chord 7.904775322999487e-05
step 73850 nominal 0.00030710638384334743 chord 7.161879851803142e-05
step 73900 nominal 0.00030683077056892216 chord 7.610672874337789e-05
step 73950 nominal 0.0003066837089136243 chord 9.86248535632307e-05
step 74000 nominal 0.00030642744968645275 chord 8.084145585546703e-05
step 74050 nominal 0.000306177040329203 chord 7.298621209620518e-05
step 74100 nominal 0.00030599310412071645 chord 7.100618059500253e-05
step 74150 nominal 0.0003057901340071112 chord 9.34803465476754e-05
step 74200 nominal 0.0003057414141949266 chord 8.157708899070593e-05
step 74250 nominal 0.00030557188438251615 chord 8.85227653128602e-05
step 74300 nominal 0.0003053845139220357 chord 7.725198710755486e-05
step 74350 nominal 0.00030520863947458565 chord 8.475853219333506e-05
step 74400 nominal 0.000305051013128832 chord 7.787156446646761e-05
step 74450 nominal 0.0003048954822588712 chord 7.598907676396879e-05
step 74500 nominal 0.00030476172105409205 chord 7.70890087098053e-05
step 74550 nominal 0.0003046332858502865 chord 7.87570781290786e-05
step 74600 nominal 0.0003045335761271417 chord 8.035520811847232e-05
step 74650 nominal 0.0003044120967388153 chord 7.668320563376083e-05
step 74700 nominal 0.0003042896860279143 chord 8.237690757385821e-05
step 74750 nominal 0.00030422082636505365 chord 7.183937973213143e-05
step 74800 nominal 0.00030404250719584525 chord 7.054479509240254e-05
step 74850 nominal 0.0003039566508959979 chord 8.100960425647066e-05
step 74900 nominal 0.0003038838040083647 chord 7.793516373741572e-05
step 74950 nominal 0.0003037684364244342 chord 8.090467410299052e-05
step 75000 nominal 0.0003036662528757006 chord 7.324536355739611e-05
