causal update 50 loss [0.00038004230009391904, 0.00019600408530997867, 5.256249891247448e-05, 0.0007891011034922764]
causal update 100 loss [0.0003775082586798817, 0.00021914410189093438, 5.755664901308388e-05, 0.0008336487553226893]
causal update 150 loss [0.0003705323033500463, 0.0001978204458177645, 6.0863862852672e-05, 0.0007911961049348757]
causal update 200 loss [0.00035760848550125957, 0.00019821181418087306, 6.341352727404891e-05, 0.0007815337804212369]
causal update 250 loss [0.0003488205256871879, 0.0001997666790462905, 6.542152635368812e-05, 0.0007775818402233134]
causal update 300 loss [0.00033425650326535106, 0.0002098880478494992, 6.693668197150834e-05, 0.0007829419293804758]
causal update 350 loss [0.00032296270364895463, 0.00022003369768552227, 6.804111146760874e-05, 0.0007912056780685453]
causal update 400 loss [0.0003136110317427665, 0.00020244490527997623, 6.881962614865432e-05, 0.0007506416596170663]
causal update 450 loss [0.000306113826809451, 0.0002124013667914017, 6.944060943500408e-05, 0.0007618744571212357]
causal update 500 loss [0.0002976254909299314, 0.0002287270152464787, 6.979571470545806e-05, 0.0007834346552657917]
causal update 550 loss [0.00028972732252441347, 0.00019028127438794397, 7.016912001112044e-05, 0.0007059839795625634]
causal update 600 loss [0.00028283667052164674, 0.00021519891995527485, 7.035233959516382e-05, 0.0007445972788377436]
causal update 650 loss [0.00027692955336533487, 0.00020489541894028543, 7.050389242350975e-05, 0.0007201014926960271]
causal update 700 loss [0.0002737141912803054, 0.00020910809544809523, 7.06024054722112e-05, 0.0007246467472564359]
causal update 750 loss [0.00026540353428572416, 0.00022129729372687073, 7.060829989080418e-05, 0.0007385119518735137]
causal update 800 loss [0.0002594708639662713, 0.00019580758014067144, 7.056379785330989e-05, 0.0006861735586189885]
causal update 850 loss [0.00025812466628849506, 0.00022379654346565132, 7.0543627262949e-05, 0.0007357140986225142]
causal update 900 loss [0.0002503007708583027, 0.00024608998568819665, 7.043240653989979e-05, 0.0007683267585732145]
causal update 950 loss [0.00024546869099140167, 0.00019289015484667067, 7.029181580267351e-05, 0.0006665931298274021]
causal update 1000 loss [0.00024198979372158647, 0.00020504875533161742, 7.015320023911257e-05, 0.0006850899322836733]
causal update 1050 loss [0.0002372828748775646, 0.00018841683072380865, 6.999192752190511e-05, 0.0006499712505360041]
causal update 1100 loss [0.00023460372176487, 0.0002102055062187902, 6.978920713384922e-05, 0.0006867190729230646]
causal update 1150 loss [0.00022979662753641605, 0.0002299049762781249, 6.9603976087557e-05, 0.0007175565532637302]
causal update 1200 loss [0.00022640774841420352, 0.000246399866827467, 6.943803554335198e-05, 0.0007440029833898353]
causal update 1250 loss [0.00022302637808024883, 0.00021249733958834992, 6.924511955206228e-05, 0.0006787660758270634]
causal update 1300 loss [0.00021997449221089482, 0.0002270138143159254, 6.901154009100432e-05, 0.0007018834764693635]
causal update 1350 loss [0.00021772751642856747, 0.0002132467705973587, 6.881004569482101e-05, 0.0006743952210149346]
causal update 1400 loss [0.00021331373136490583, 0.0001882294752336202, 6.858813394512989e-05, 0.0006242575473866601]
causal update 1450 loss [0.00021066855697426945, 0.00019770391500637324, 6.836909480876034e-05, 0.0006386256418532293]
causal update 1500 loss [0.000209574936889112, 0.00022528949214713478, 6.81143949041467e-05, 0.000687450542958514]
causal update 1550 loss [0.00020535822841338813, 0.0002007401382117668, 6.78470547036224e-05, 0.0006383156190638547]
causal update 1600 loss [0.00020264301565475762, 0.00020268510635902809, 6.758815562458165e-05, 0.0006388790557203633]
causal update 1650 loss [0.0002000624663196504, 0.00021163924313801977, 6.734837107207737e-05, 0.0006523446919263006]
causal update 1700 loss [0.00019798298308160156, 0.00017837767570304296, 6.711084469505254e-05, 0.0005895308520884052]
causal update 1750 loss [0.00019633771444205195, 0.00020820684360755467, 6.683860190570762e-05, 0.0006418672512707602]
causal update 1800 loss [0.0001931047736434266, 0.0001923856508650492, 6.65938820810314e-05, 0.0006096136764294353]
causal update 1850 loss [0.0001908857375383377, 0.0001838187096701906, 6.635464707505627e-05, 0.0005915736746014582]
causal update 1900 loss [0.00018961676687467843, 0.00023068476620971773, 6.611874154650345e-05, 0.0006753097561971666]
causal update 1950 loss [0.0001869293482741341, 0.0002261207651717459, 6.583656680659465e-05, 0.0006640390629019165]
causal update 2000 loss [0.0001858253381215036, 0.0002042681626720464, 6.55811770277204e-05, 0.0006229336953176384]
causal update 2050 loss [0.00018321428797207773, 0.000199412530763286, 6.532793720991038e-05, 0.000611237881106001]
causal update 2100 loss [0.00018117562285624444, 0.00020383526681907034, 6.510790789979916e-05, 0.0006170233509489292]
causal update 2150 loss [0.00017927936278283596, 0.00021428951772290035, 6.484400032480162e-05, 0.0006338775921455711]
causal update 2200 loss [0.00017747200035955757, 0.00023239357858145283, 6.462411572144532e-05, 0.0006647783873179267]
causal update 2250 loss [0.0001765505294315517, 0.00021410529335477943, 6.434700959103806e-05, 0.000630316696950513]
causal update 2300 loss [0.00017406577535439283, 0.00023456582378896538, 6.412260690247846e-05, 0.0006648215782293214]
causal update 2350 loss [0.00017265435599256307, 0.0001989859803796138, 6.387612855575341e-05, 0.0005984503217682668]
causal update 2400 loss [0.00017199874855577946, 0.00021515430307900377, 6.363506275676893e-05, 0.000626960929931517]
causal update 2450 loss [0.00016928082914091647, 0.00020617388715450457, 6.340787814750614e-05, 0.0006076820587577575]
causal update 2500 loss [0.00016953962040133774, 0.00016813595106588423, 6.318889873169957e-05, 0.0005385376817911148]
causal update 2550 loss [0.00016629976744297892, 0.00022261512558637836, 6.293890599823526e-05, 0.0006341356911166119]
causal update 2600 loss [0.0001649177575018257, 0.00020391586631320074, 6.271114237844655e-05, 0.0005985153161084163]
causal update 2650 loss [0.00016522797523066401, 0.00019503253181556382, 6.250350901862384e-05, 0.0005824607070449014]
causal update 2700 loss [0.00016211197362281382, 0.0002291715654879057, 6.225180286839323e-05, 0.0006411857833410997]
causal update 2750 loss [0.00016095054161269218, 0.00021369690390490913, 6.201225705673964e-05, 0.0006116391693771829]
causal update 2800 loss [0.00016011933621484786, 0.0001985468825964199, 6.175968077416689e-05, 0.0005830002140338431]
causal update 2850 loss [0.00015858760161790997, 0.00019836919395832612, 6.156886544856377e-05, 0.0005809544803229164]
causal update 2900 loss [0.00015716398775111884, 0.00017232669835275802, 6.133492640439109e-05, 0.000531930295087467]
causal update 2950 loss [0.0001559251541038975, 0.00021839012048458233, 6.113234544859597e-05, 0.0006142699901281512]
causal update 3000 loss [0.00015482922026421875, 0.00018597057203336253, 6.088781975562428e-05, 0.0005539641820024708]
causal update 3050 loss [0.00015566774527542293, 0.0002449357787209328, 6.067151722138732e-05, 0.0006618335480485159]
causal update 3100 loss [0.00015276705380529165, 0.00021187024201987616, 6.047032883992107e-05, 0.0005985913827476287]
causal update 3150 loss [0.00015141189214773476, 0.00017326041814443697, 6.025546704648035e-05, 0.0005267970090914973]
causal update 3200 loss [0.00015047025226522237, 0.0001981218387192332, 6.003580631698912e-05, 0.0005708541769882872]
causal update 3250 loss [0.00014953971549402922, 0.00018549300957248702, 5.9837273583249476e-05, 0.0005467555305294937]
causal update 3300 loss [0.00014808375271968544, 0.00024894072247357496, 5.963457982172348e-05, 0.0006604968930368372]
causal update 3350 loss [0.00014722404011990875, 0.0001855125299002508, 5.941565084308122e-05, 0.0005440537363930896]
causal update 3400 loss [0.000146354956086725, 0.0002134173320000344, 5.919369928876382e-05, 0.0005937165348914962]
causal update 3450 loss [0.00014511785411741585, 0.0002048837157572641, 5.899244355839687e-05, 0.0005767570585904547]
causal update 3500 loss [0.00014421685773413628, 0.0002070099500705943, 5.8810529515292475e-05, 0.0005795413873288796]
causal update 3550 loss [0.00014323530194815248, 0.000201507801355867, 5.85999580308605e-05, 0.0005683418376089269]
causal update 3600 loss [0.00014226928760763258, 0.00018616436601456848, 5.843322203716893e-05, 0.0005393021281486316]
causal update 3650 loss [0.00014183954044710845, 0.0001824773509102047, 5.821654171382092e-05, 0.0005319496809549632]
causal update 3700 loss [0.0001405656657880172, 0.00018886991695596763, 5.80396774762083e-05, 0.0005421258740576221]
causal update 3750 loss [0.0001396837760694325, 0.00020320192161090377, 5.784493373964151e-05, 0.0005671165885726871]
causal update 3800 loss [0.00013917933392804116, 0.00019714206566111994, 5.7668097251195945e-05, 0.0005554135179817376]
causal update 3850 loss [0.0001379733148496598, 0.00021076400200278352, 5.748805193027101e-05, 0.0005788033145450487]
causal update 3900 loss [0.00013710341590922326, 0.00018255582697236815, 5.730241703890508e-05, 0.0005264421656352217]
causal update 3950 loss [0.00013663437857758254, 0.00019939574451632654, 5.712161466615873e-05, 0.0005564211179928669]
causal update 4000 loss [0.00013584164844360203, 0.00019760455959285322, 5.6932319854530485e-05, 0.0005521812486770287]
causal update 4050 loss [0.00013476578169502318, 0.00017303042777569533, 5.6727750008057566e-05, 0.0005062048703371355]
causal update 4100 loss [0.00013411663530860096, 0.00017507125870777838, 5.657036430956079e-05, 0.0005091102439720258]
causal update 4150 loss [0.00013329173089005053, 0.00018372117750367704, 5.6387591948086354e-05, 0.000523835219294451]
causal update 4200 loss [0.00013254409714136273, 0.00018884617351172777, 5.623020661795258e-05, 0.0005322516494827992]
causal update 4250 loss [0.00013169978046789765, 0.00016405563399032915, 5.604414051971971e-05, 0.0004861317181355548]
causal update 4300 loss [0.0001311313098995015, 0.0001882995941637425, 5.585512704589307e-05, 0.0005294696527896115]
causal update 4350 loss [0.00013037868484389037, 0.00018122905333022146, 5.570575541668585e-05, 0.0005157076094691301]
causal update 4400 loss [0.00012968848750460893, 0.00020696080892867742, 5.5557649983801e-05, 0.0005616707586374989]
causal update 4450 loss [0.00012892636004835367, 0.0001736427970700613, 5.538159997150704e-05, 0.0005001330886551639]
causal update 4500 loss [0.00012828956823796034, 0.00019916107801555536, 5.5214793910028955e-05, 0.0005457426705877545]
causal update 4550 loss [0.0001277061819564551, 0.00021904598214317063, 5.5073513988215094e-05, 0.0005811850813376524]
causal update 4600 loss [0.00012730807065963745, 0.00017622907059266097, 5.490309119539074e-05, 0.0005027402585312951]
causal update 4650 loss [0.000126407845527865, 0.00018050920334152935, 5.4735805515074846e-05, 0.0005094575421293205]
causal update 4700 loss [0.00012605503434315324, 0.00019863629743391455, 5.458796926634045e-05, 0.0005419268302193264]
causal update 4750 loss [0.000125128251966089, 0.000222487205925168, 5.443049780018832e-05, 0.0005842231045029386]
causal update 4800 loss [0.00012442887236829847, 0.00021484923113398318, 5.4273280008685516e-05, 0.0005694743998011499]
causal update 4850 loss [0.0001241386344190687, 0.0001726713901018746, 5.411240108339991e-05, 0.0004923093489524519]
causal update 4900 loss [0.00012326666910666972, 0.00019089920801028496, 5.398017285016594e-05, 0.0005244582895004942]
causal update 4950 loss [0.00012285157572478056, 0.00015818264408033777, 5.3788192799793824e-05, 0.0004643456495487553]
causal update 5000 loss [0.00012206824612803757, 0.00018783560978598141, 5.3678097555051456e-05, 0.0005173856550966946]
causal update 5050 loss [0.00012148208043072373, 0.00019669370919736632, 5.3543128643145146e-05, 0.0005327758158205953]
causal update 5100 loss [0.00012112686090404168, 0.00023116032714549464, 5.337303356527281e-05, 0.0005949391023602591]
causal update 5150 loss [0.00012043216702295467, 0.0002129154833431836, 5.323713050186852e-05, 0.0005609244042723673]
causal update 5200 loss [0.0001199840335175395, 0.00021526781088885863, 5.310915246549974e-05, 0.0005646267549659355]
causal update 5250 loss [0.00011936898226849735, 0.00021422010134161817, 5.294506258489232e-05, 0.0005619420179341643]
causal update 5300 loss [0.00011900898243766278, 0.00020063366280029848, 5.283406822056477e-05, 0.0005367597269135045]
causal update 5350 loss [0.00011830986477434635, 0.00019772404441332792, 5.268649226887961e-05, 0.0005306209588972028]
causal update 5400 loss [0.00011780215572798625, 0.00021407547179731697, 5.2542567346284976e-05, 0.0005597096409336135]
causal update 5450 loss [0.00011726755474228412, 0.0001963249162365106, 5.2418751734200596e-05, 0.000526766144920308]
causal update 5500 loss [0.00011680793249979615, 0.0002458295905223703, 5.230240333590014e-05, 0.0006162303048705518]
causal update 5550 loss [0.00011640293087111786, 0.00017598610920101598, 5.214980358009759e-05, 0.0004886399278981839]
causal update 5600 loss [0.00011580671707633883, 0.00020428459341747293, 5.2032083160115254e-05, 0.0005393958649861783]
causal update 5650 loss [0.00011543891014298424, 0.0001891290946353324, 5.190136695147265e-05, 0.0005113322056383271]
causal update 5700 loss [0.00011489396274555475, 0.00018915753801120386, 5.17842610233333e-05, 0.0005107218857160149]
causal update 5750 loss [0.00011443678522482514, 0.00017863051302758354, 5.1661726348716015e-05, 0.0004909954016666216]
causal update 5800 loss [0.00011392663873266429, 0.00020841821280404848, 5.153191125648998e-05, 0.0005445339276002399]
causal update 5850 loss [0.00011350241402396932, 0.0001915674128530766, 5.139245415153642e-05, 0.0005133216605764824]
causal update 5900 loss [0.00011303990322630852, 0.00021818579286630042, 5.128457765892337e-05, 0.0005611653361416222]
causal update 5950 loss [0.0001126024653785862, 0.0002185894147471293, 5.1154681459698036e-05, 0.0005613321179611759]
causal update 6000 loss [0.00011218128929613158, 0.00021313339383880795, 5.104154791968104e-05, 0.000550874284102267]
causal update 6050 loss [0.000111879147880245, 0.00017012536295305943, 5.0903151474495656e-05, 0.00047220984570495715]
causal update 6100 loss [0.00011139280832139775, 0.000201023017085045, 5.079013435005563e-05, 0.000527807784592912]
causal update 6150 loss [0.00011092976637883112, 0.00018967201941339222, 5.069699327088644e-05, 0.0005066061710651108]
causal update 6200 loss [0.00011058093514293432, 0.00019270150571627578, 5.0566951014303566e-05, 0.000511637390230958]
causal update 6250 loss [0.00011017751239705831, 0.0001958556174351827, 5.046050740462368e-05, 0.0005168642878308454]
causal update 6300 loss [0.00010973870666930452, 0.00018929319356517248, 5.03341376475809e-05, 0.000504363239405295]
causal update 6350 loss [0.00010934239980997518, 0.00017903541465069846, 5.022838710306623e-05, 0.0004852041204944936]
causal update 6400 loss [0.00010898376785917208, 0.00022902329090967918, 5.012229051007214e-05, 0.0005756583803342359]
causal update 6450 loss [0.00010857958113774657, 0.00020446741712131492, 5.0023689253989656e-05, 0.0005304928586941661]
causal update 6500 loss [0.00010823996126418933, 0.00021810372066997916, 4.991456205590613e-05, 0.000554846103959871]
causal update 6550 loss [0.00010788830695673823, 0.00019749984711263502, 4.979587761772435e-05, 0.0005169010117177934]
causal update 6600 loss [0.00010750118235591799, 0.00019979248859974084, 4.968644570911942e-05, 0.0005205743591997654]
causal update 6650 loss [0.0001071223960025236, 0.00020099734443808717, 4.9600535130135075e-05, 0.000522301079110201]
causal update 6700 loss [0.00010679171828087419, 0.0001756359629740098, 4.949390465755733e-05, 0.00047573596314961163]
causal update 6750 loss [0.00010641288827173412, 0.0001925151331557792, 4.939862637727488e-05, 0.0005059620404357739]
causal update 6800 loss [0.00010608486627461389, 0.0001895170871949816, 4.929836526430571e-05, 0.0005000808490150598]
causal update 6850 loss [0.00010575364285614341, 0.00021155023986174661, 4.918829911877201e-05, 0.000539713915500588]
causal update 6900 loss [0.00010540579387452453, 0.00018828686296795878, 4.9100956773393105e-05, 0.0004969668107286136]
causal update 6950 loss [0.00010505887621548027, 0.00017986279783554528, 4.900285873736246e-05, 0.0004811999302688102]
causal update 7000 loss [0.00010475425369804725, 0.00016309924933498405, 4.8917622822106544e-05, 0.0004503201813776202]
causal update 7050 loss [0.00010442141501698643, 0.0001967601683454848, 4.881968624488944e-05, 0.0005111125852886144]
causal update 7100 loss [0.0001041018040268682, 0.00017418640479736894, 4.8740739635865654e-05, 0.0004696563973318477]
causal update 7150 loss [0.00010381573520135134, 0.0001891824514241064, 4.863049126509647e-05, 0.0004965352014468099]
causal update 7200 loss [0.00010349202784709632, 0.0002190408726414679, 4.85401131986155e-05, 0.0005504282331707915]
causal update 7250 loss [0.00010317472333554178, 0.00017285257833186168, 4.845153437115315e-05, 0.0004660141200755418]
causal update 7300 loss [0.00010288433259120211, 0.00019949473907327644, 4.8358663335888036e-05, 0.0005140881740340886]
causal update 7350 loss [0.0001025973615469411, 0.0002285223084844265, 4.8290864327632686e-05, 0.0005665293505911381]
causal update 7400 loss [0.00010232187923975289, 0.0001952953138004693, 4.819934388116406e-05, 0.0005057283992528404]
causal update 7450 loss [0.00010200781252933666, 0.00020093481821334972, 4.8122260822600386e-05, 0.0005155944973322621]
causal update 7500 loss [0.00010173934424528852, 0.00018821584875980656, 4.8029506494106405e-05, 0.0004920997487022084]
causal update 7550 loss [0.00010145548003492877, 0.0002210637221560551, 4.7940310886727316e-05, 0.0005514710837906434]
causal update 7600 loss [0.00010118646605405957, 0.00018526476826589842, 4.787216106436846e-05, 0.00048602203853801546]
causal update 7650 loss [0.00010091304284287617, 0.00021835183239047288, 4.778991296672976e-05, 0.0005458458072038443]
causal update 7700 loss [0.00010064878006232902, 0.00021187333177038605, 4.7714540847656236e-05, 0.0005337229407148519]
causal update 7750 loss [0.00010040673078037798, 0.00018318189692629396, 4.762633974537308e-05, 0.00048120811225848105]
causal update 7800 loss [0.00010015207226388156, 0.00019534032680484372, 4.7553397521350835e-05, 0.0005029945165051485]
causal update 7850 loss [9.990086982725188e-05, 0.0001702077825270657, 4.7488163818893695e-05, 0.00045696648643073093]
causal update 7900 loss [9.964257333194837e-05, 0.00018357509417731338, 4.740395288084407e-05, 0.00048093672327864087]
causal update 7950 loss [9.941154712578282e-05, 0.0002250793721642677, 4.7321976421982436e-05, 0.000556112564120646]
causal update 8000 loss [9.915701957652345e-05, 0.00021840593643661718, 4.725667939408054e-05, 0.0005436549559285717]
causal update 8050 loss [9.890816727420315e-05, 0.00017855605415435363, 4.719385307493719e-05, 0.0004708634830958944]
causal update 8100 loss [9.869922359939665e-05, 0.0001804830716806321, 4.713783955425178e-05, 0.00047410342543201874]
causal update 8150 loss [9.84671205515042e-05, 0.00017531823251154075, 4.705934142928091e-05, 0.00046439890742250837]
causal update 8200 loss [9.824724111240357e-05, 0.00019681941702612534, 4.696888641491752e-05, 0.0005031953742859466]
causal update 8250 loss [9.801778651308268e-05, 0.00022014436640117527, 4.6908578682223056e-05, 0.0005453295147076678]
causal update 8300 loss [9.778976527741179e-05, 0.00017969322041538435, 4.6851208158607954e-05, 0.0004714707378153768]
causal update 8350 loss [9.756968938745558e-05, 0.0001939127994181129, 4.677536829061292e-05, 0.0004970376879145369]
causal update 8400 loss [9.736970241647214e-05, 0.00019489797566207365, 4.672104443553367e-05, 0.0004985752361187788]
causal update 8450 loss [9.715482883621007e-05, 0.00021211255281948412, 4.667199679802556e-05, 0.0005296215456556301]
causal update 8500 loss [9.695265907794237e-05, 0.00018231805918869648, 4.6618527079543544e-05, 0.00047517506185741653]
causal update 8550 loss [9.673657041275874e-05, 0.00019345236070052784, 4.6554168015473525e-05, 0.0004951459131545173]
causal update 8600 loss [9.656266774982214e-05, 0.000196691402545388, 4.6479525536965196e-05, 0.0005007886046469499]
causal update 8650 loss [9.63548372965306e-05, 0.0001825249080282786, 4.642748476469469e-05, 0.00047476241873013004]
causal update 8700 loss [9.61663099587895e-05, 0.00023137827218603914, 4.6357125982382814e-05, 0.0005633590468020462]
causal update 8750 loss [9.596767631592229e-05, 0.00019324276211112705, 4.630891131170922e-05, 0.0004937505400828161]
causal update 8800 loss [9.579073957866058e-05, 0.00019390508576198098, 4.6258671364149566e-05, 0.0004947280114211704]
causal update 8850 loss [9.561897604726255e-05, 0.00017514050660637684, 4.619971850564573e-05, 0.00046036788842412403]
causal update 8900 loss [9.545075590722263e-05, 0.00020276663936739201, 4.613213143984426e-05, 0.0005103790657184414]
causal update 8950 loss [9.524952474748716e-05, 0.00023482930758407373, 4.607516402480421e-05, 0.0005684371145480361]
causal update 9000 loss [9.508704533800483e-05, 0.00019699898677411263, 4.6026720479396964e-05, 0.000499419617766188]
causal update 9050 loss [9.49083041632548e-05, 0.0001811558143549847, 4.597486246252972e-05, 0.0004703731272638388]
causal update 9100 loss [9.474907710682601e-05, 0.0002032449211244157, 4.5915560752744474e-05, 0.0005103307250321432]
causal update 9150 loss [9.456524276174605e-05, 0.00019884592528698742, 4.5869578354551544e-05, 0.0005020999232226059]
causal update 9200 loss [9.441514703212306e-05, 0.00019122507095956036, 4.5814769752790946e-05, 0.000488034050634074]
causal update 9250 loss [9.42295155255124e-05, 0.0001947179851907604, 4.576896266582736e-05, 0.0004941555970476218]
causal update 9300 loss [9.40664394875057e-05, 0.00018021265316611233, 4.571535400914995e-05, 0.00046755631295992137]
causal update 9350 loss [9.390579361934215e-05, 0.00017651599263105537, 4.566371539096481e-05, 0.0004606204654539425]
causal update 9400 loss [9.373490320285782e-05, 0.00020297877621454902, 4.561640520163685e-05, 0.0005085333256829367]
causal update 9450 loss [9.358228271594271e-05, 0.00023248140090738917, 4.5574540880535247e-05, 0.0005619988279052823]
causal update 9500 loss [9.343487181467935e-05, 0.0001878421292733028, 4.55164476118099e-05, 0.0004806024886191485]
causal update 9550 loss [9.327258158009499e-05, 0.00022035908688996733, 4.54622834216348e-05, 0.0005395285526022685]
causal update 9600 loss [9.310803579865023e-05, 0.00021123176074719921, 4.541830123778128e-05, 0.0005227190541286857]
causal update 9650 loss [9.295786003349349e-05, 0.00017374624788148434, 4.537728296079476e-05, 0.00045434843011572736]
causal update 9700 loss [9.279223741032183e-05, 0.0001841327556877466, 4.5328554237236486e-05, 0.000473025275060087]
causal update 9750 loss [9.264167601941153e-05, 0.0001902156095234535, 4.5275293501004604e-05, 0.0004838850739270062]
causal update 9800 loss [9.25073036341928e-05, 0.00021946862019678556, 4.522239318592835e-05, 0.0005369037850899367]
causal update 9850 loss [9.233990567736328e-05, 0.00019704475774771256, 4.5178055595908675e-05, 0.0004959070624202332]
causal update 9900 loss [9.221171058015898e-05, 0.00017280861150180656, 4.5125440390395896e-05, 0.00045164504555500674]
causal update 9950 loss [9.20396123547107e-05, 0.00022871884208052, 4.5084858440782886e-05, 0.0005531230549017633]
causal update 10000 loss [9.1908237664029e-05, 0.00017445334628187655, 4.503123300361644e-05, 0.0004542388430574045]
CONTINUATION_COMPLETE c8d45b6b63e4e95f4aeeb62e09fe5e7d9040a80cf588ec63f86a94dad0f58a79
