blinded update 50 loss [0.00044729074579663575, 0.00020589480579546524, 9.451745191448327e-05, 0.000916293950203672]
blinded update 100 loss [0.0004452677385415882, 0.00022561492005724517, 9.447982587399109e-05, 0.00095010067062806]
blinded update 150 loss [0.0004450783017091453, 0.00021670298855975466, 9.447349965114499e-05, 0.0009336957013224921]
blinded update 200 loss [0.0004451084532774985, 0.00021583394739720297, 9.443524893737435e-05, 0.0009321069720468106]
blinded update 250 loss [0.0004449200350791216, 0.00023104472257293036, 9.447826251594915e-05, 0.0009596272414864887]
blinded update 300 loss [0.00044494756730273366, 0.0002182221754418396, 9.446184563165e-05, 0.0009363164415754097]
blinded update 350 loss [0.00044479104690253735, 0.0002347295090820378, 9.442280978834873e-05, 0.0009661447668767247]
blinded update 400 loss [0.0004446556849870831, 0.00023119939914483905, 9.44251578346185e-05, 0.0009595911156772011]
blinded update 450 loss [0.0004446601669769734, 0.00023616173700729152, 9.441330812016818e-05, 0.0009686093512035985]
blinded update 500 loss [0.00044453024747781456, 0.0002261782887383785, 9.438349443753507e-05, 0.0009502915147952087]
blinded update 550 loss [0.000444273988250643, 0.00021988420618587672, 9.435298274673084e-05, 0.000938556935702483]
blinded update 600 loss [0.00044432893628254533, 0.0002315000945884969, 9.43796297262651e-05, 0.0009597657499874644]
blinded update 650 loss [0.0004440215998329222, 0.00020171987458398168, 9.436641469554534e-05, 0.0009052803153538124]
blinded update 700 loss [0.0004437773022800684, 0.0002219231271014833, 9.4351490183339e-05, 0.0009417671889106569]
blinded update 750 loss [0.0004438133619260043, 0.00022057144321489287, 9.433968008873597e-05, 0.0009393329677130739]
blinded update 800 loss [0.0004436752642504871, 0.00023304926444219453, 9.430984505538128e-05, 0.0009618599556153393]
blinded update 850 loss [0.00044360398896969855, 0.00023059060973328619, 9.43016613990541e-05, 0.0009573086443882753]
blinded update 900 loss [0.00044340587919577956, 0.00021641851775573576, 9.42985070696759e-05, 0.000931330884816322]
blinded update 950 loss [0.00044333888217806816, 0.00021665670264806302, 9.42870126079289e-05, 0.0009316856089699191]
blinded update 1000 loss [0.00044316021376289427, 0.00022628935504568324, 9.427506919376998e-05, 0.0009490150655448639]
blinded update 1050 loss [0.0004431438574101776, 0.0002127270531130917, 9.425433936489322e-05, 0.0009243105827034291]
blinded update 1100 loss [0.00044298413558863103, 0.00021709926108684328, 9.421194015907575e-05, 0.0009320607244190641]
blinded update 1150 loss [0.0004428481333889067, 0.00021631248085825407, 9.419625264037436e-05, 0.000930478022466934]
blinded update 1200 loss [0.0004426602099556476, 0.00024268803919533637, 9.419823312928044e-05, 0.000978264493266158]
blinded update 1250 loss [0.0004425764491315931, 0.000208087630180701, 9.41861092653587e-05, 0.0009152366654612311]
blinded update 1300 loss [0.00044250080827623606, 0.0002165162001962514, 9.41277028374799e-05, 0.0009304326765178111]
blinded update 1350 loss [0.00044234070810489357, 0.00021419004493500207, 9.41615791193475e-05, 0.0009260755930879123]
blinded update 1400 loss [0.00044226518366485834, 0.00020528080908386386, 9.41631158686053e-05, 0.000909797302044473]
blinded update 1450 loss [0.00044215290108695626, 0.00020603468995434898, 9.409338576320547e-05, 0.0009109864635585126]
blinded update 1500 loss [0.0004419204196892679, 0.00022297694205575404, 9.409070673611322e-05, 0.0009415662234159654]
blinded update 1550 loss [0.0004417927120812237, 0.0002088583205979021, 9.406671297499727e-05, 0.0009157352798708103]
blinded update 1600 loss [0.0004416743468027562, 0.00021222305506105716, 9.40503742921818e-05, 0.0009217204248901956]
blinded update 1650 loss [0.00044161928235553205, 0.00022104375549218745, 9.402625527126643e-05, 0.0009376845147125179]
blinded update 1700 loss [0.0004414320283103734, 0.0002005291434256783, 9.404181295883101e-05, 0.0009002004155133915]
blinded update 1750 loss [0.0004413330461829901, 0.0002069785136300282, 9.399642896540368e-05, 0.000911786297976308]
blinded update 1800 loss [0.00044125065323896706, 0.00021555589728286558, 9.399825932678746e-05, 0.0009273064590702096]
blinded update 1850 loss [0.0004411374102346599, 0.00020831115498999998, 9.396939825287963e-05, 0.0009139874671211393]
blinded update 1900 loss [0.0004410123510751873, 0.00022104566395951547, 9.394658679203687e-05, 0.000937001386112989]
blinded update 1950 loss [0.0004409225075505674, 0.00020344837219558984, 9.394015940084928e-05, 0.0009048987951611575]
blinded update 2000 loss [0.00044089939910918474, 0.00023808639126251193, 9.391856145960325e-05, 0.0009678544378403379]
blinded update 2050 loss [0.00044073324534110725, 0.00021629486597626868, 9.389411318820408e-05, 0.0009280289566534679]
blinded update 2100 loss [0.00044064215035177767, 0.0002294959053935328, 9.391154942341717e-05, 0.0009519656227871435]
blinded update 2150 loss [0.0004405397630762309, 0.00021622126380007757, 9.386867218950057e-05, 0.0009276761642219431]
blinded update 2200 loss [0.0004404799547046423, 0.00021997165253188338, 9.388913673422217e-05, 0.0009344581053757427]
blinded update 2250 loss [0.00044046234688721597, 0.00021295028590914312, 9.387122758243171e-05, 0.000921651980847562]
blinded update 2300 loss [0.00044040457578375936, 0.00022360361179943507, 9.386847091280626e-05, 0.0009409679436428605]
blinded update 2350 loss [0.0004402892664074898, 0.0002190947859161271, 9.385681649735279e-05, 0.0009326402336145091]
blinded update 2400 loss [0.00044021819485351443, 0.00021329592794608755, 9.383603306236246e-05, 0.0009220012952150714]
blinded update 2450 loss [0.00044018487096764147, 0.0002277047101446328, 9.384438657880737e-05, 0.0009481833174080675]
blinded update 2500 loss [0.00044015044113621116, 0.00020514555340890215, 9.383381071032837e-05, 0.0009071072485245157]
blinded update 2550 loss [0.0004400282050482929, 0.00021263793258234572, 9.380797118916962e-05, 0.0009205864678920484]
blinded update 2600 loss [0.00043996452586725354, 0.0002336913301892655, 9.380180424514276e-05, 0.0009588089789485634]
blinded update 2650 loss [0.0004398931050673127, 0.00022212310928286874, 9.380574531270785e-05, 0.0009377009785755863]
blinded update 2700 loss [0.0004398775636218488, 0.00021895340646559217, 9.379747196799075e-05, 0.0009319120424161722]
blinded update 2750 loss [0.00043983556679449975, 0.0002121363615631234, 9.3798396774178e-05, 0.0009194719874278898]
blinded update 2800 loss [0.0004398209566716105, 0.00020319646210120284, 9.378752653898176e-05, 0.0009031864321044803]
blinded update 2850 loss [0.00043976629967801273, 0.0002096657420423181, 9.378080314268732e-05, 0.0009148915125413861]
blinded update 2900 loss [0.00043973757419735193, 0.00020322749661919173, 9.378160200028922e-05, 0.0009031535713179284]
blinded update 2950 loss [0.000439677998656407, 0.00022057332560271463, 9.377855272785689e-05, 0.0009346399008086948]
blinded update 3000 loss [0.00043968597310595214, 0.00018858310980330873, 9.375105233316493e-05, 0.0008764359054217088]
causal update 50 loss [0.0004334740515332669, 0.00020555616616027894, 9.427788448464806e-05, 0.0009016217637030568]
causal update 100 loss [0.00042178030707873404, 0.00022488481675766328, 9.399487684132097e-05, 0.0009248003630753916]
causal update 150 loss [0.0004146173596382141, 0.0002154273589134371, 9.372836367868672e-05, 0.0009001694815632519]
causal update 200 loss [0.0004085551481693983, 0.00021390226138322935, 9.344689576791385e-05, 0.0008910519230951751]
causal update 250 loss [0.0004031039134133607, 0.00022904964295505752, 9.319821869663725e-05, 0.0009129023837228751]
causal update 300 loss [0.0003982858033850789, 0.00021538780883905047, 9.29230183645386e-05, 0.0008829606454985897]
causal update 350 loss [0.0003938190930057317, 0.0002318538259201002, 9.262037983815605e-05, 0.0009081400307210909]
causal update 400 loss [0.00038974694325588644, 0.00022892237773584627, 9.234602175459754e-05, 0.0008984617439973359]
causal update 450 loss [0.0003860346623696387, 0.00023292318305860412, 9.204280499758161e-05, 0.0009017229942355]
causal update 500 loss [0.000382543628802523, 0.00022262421960217148, 9.17302858922024e-05, 0.0008791874727550751]
causal update 550 loss [0.00037924214848317206, 0.00021525246787593784, 9.144713055817207e-05, 0.0008621949418334215]
causal update 600 loss [0.0003762842679861933, 0.0002270577346198227, 9.120203135629915e-05, 0.0008804636266716089]
causal update 650 loss [0.0003734493220690638, 0.0001987536340252976, 9.093293864436531e-05, 0.0008258795015546177]
causal update 700 loss [0.00037060107570141554, 0.00021755530766978155, 9.065800552639e-05, 0.0008569531969035561]
causal update 750 loss [0.0003682250389829278, 0.00021559524827475415, 9.039259015342721e-05, 0.0008507467480428035]
causal update 800 loss [0.00036590456147678196, 0.00022847238957102492, 9.012997146605836e-05, 0.0008715848641020997]
causal update 850 loss [0.00036361298407427967, 0.00022597239695384716, 8.986631461166201e-05, 0.0008644825913084462]
causal update 900 loss [0.0003614562447182834, 0.00021076563933599999, 8.962173918939679e-05, 0.0008344229096884856]
causal update 950 loss [0.00035952834878116846, 0.00021013099935707119, 8.93777949031061e-05, 0.0008310967730798322]
causal update 1000 loss [0.00035752178519032896, 0.00022053954363899605, 8.914467591969123e-05, 0.0008477883671966507]
causal update 1050 loss [0.0003558147873263806, 0.00020718092966562617, 8.889810658417661e-05, 0.0008215378752314192]
causal update 1100 loss [0.0003540358447935432, 0.00020993853834227127, 8.865619997617528e-05, 0.0008245326220710799]
causal update 1150 loss [0.0003523251216392964, 0.00020944170161037913, 8.844806142271218e-05, 0.000821710103388199]
causal update 1200 loss [0.0003507701912894845, 0.00023522544909526248, 8.822727550783602e-05, 0.0008668304029877787]
causal update 1250 loss [0.00034928545937873423, 0.0002005625644268569, 8.80097740817517e-05, 0.0008020825945163026]
causal update 1300 loss [0.00034783888258971274, 0.0002094193167546237, 8.779292498419612e-05, 0.0008165280138591616]
causal update 1350 loss [0.0003464514156803489, 0.00020785302450093855, 8.761883815036297e-05, 0.0008121176552081456]
causal update 1400 loss [0.00034517739550210536, 0.0001979423983757732, 8.74447491597863e-05, 0.0007926438932414507]
causal update 1450 loss [0.0003439117281232029, 0.00019846950544505343, 8.721094295228442e-05, 0.0007921031329490555]
causal update 1500 loss [0.0003426813054829836, 0.00021402285682598106, 8.703753058947318e-05, 0.000818988056728283]
causal update 1550 loss [0.000341526378178969, 0.00020117112397695965, 8.686646637880936e-05, 0.0007942870663727886]
causal update 1600 loss [0.0003404193848837167, 0.00020442883887079272, 8.669968322572086e-05, 0.0007989384894879335]
causal update 1650 loss [0.00033943523885682225, 0.00021329888365918782, 8.652074870901344e-05, 0.0008139084307774542]
causal update 1700 loss [0.00033842591801658273, 0.000193248115110763, 8.638486577838108e-05, 0.0007762944723971533]
causal update 1750 loss [0.0003374764055479318, 0.00019752009886437553, 8.622606652669433e-05, 0.0007829561335249736]
causal update 1800 loss [0.00033662476926110685, 0.00020754017572426083, 8.607870166678573e-05, 0.0008001818564474571]
causal update 1850 loss [0.0003357678069733083, 0.00020023521391073724, 8.593735181427071e-05, 0.0007858971279203976]
causal update 1900 loss [0.00033497175900265574, 0.0002122804466423904, 8.579967028825121e-05, 0.00080687151808723]
causal update 1950 loss [0.0003342096460983157, 0.00019517247135722026, 8.567721737579845e-05, 0.0007748706112168638]
causal update 2000 loss [0.00033352611353620887, 0.0002282882191068225, 8.554341318944397e-05, 0.0008342848848164695]
causal update 2050 loss [0.00033282054937444627, 0.00020784454677681675, 8.543480434209209e-05, 0.0007962873356331221]
causal update 2100 loss [0.00033217514283023775, 0.00021864909560417157, 8.535031294193222e-05, 0.0008152089756783712]
causal update 2150 loss [0.00033158017322421074, 0.0002058625796327846, 8.522264298929137e-05, 0.0007912299550915213]
causal update 2200 loss [0.00033101922599598765, 0.00021088423052847695, 8.51520213638931e-05, 0.0007997318692665896]
causal update 2250 loss [0.0003305191930849105, 0.00020317485554006853, 8.504834443866259e-05, 0.0007851061879549581]
causal update 2300 loss [0.0003300273965578526, 0.00021286920096591898, 8.496995929580946e-05, 0.0008021682832514156]
causal update 2350 loss [0.0003295467759016901, 0.0002085554418756908, 8.489837100347549e-05, 0.000793770119604186]
causal update 2400 loss [0.00032910433947108686, 0.00020306487747409868, 8.481222670649234e-05, 0.0007832551862165834]
causal update 2450 loss [0.0003286977589596063, 0.0002177833513377539, 8.475269752055067e-05, 0.0008095593427193118]
causal update 2500 loss [0.00032832310535013676, 0.00019567226172707462, 8.468083103363729e-05, 0.0007688967132398145]
causal update 2550 loss [0.00032793040736578405, 0.00020250475300528622, 8.461223926255136e-05, 0.0007808625006407644]
causal update 2600 loss [0.00032758235465735197, 0.00022295807337697536, 8.45507905977581e-05, 0.0008176539235005291]
causal update 2650 loss [0.000327248708344996, 0.00021213921711403413, 8.450075610989095e-05, 0.0007975926820494507]
causal update 2700 loss [0.0003269560693297535, 0.00020816371795645092, 8.445095151859751e-05, 0.0007900195179407182]
causal update 2750 loss [0.00032665798789821565, 0.00020414245283889581, 8.440041391195727e-05, 0.0007823569383210592]
causal update 2800 loss [0.0003263929102104157, 0.0001929563288417641, 8.434770081752476e-05, 0.0007616935926990305]
causal update 2850 loss [0.0003261153760831803, 0.00020063912124779125, 8.430524235067365e-05, 0.0007753472226268896]
causal update 2900 loss [0.0003258663637097925, 0.00019287064954157652, 8.425585603278823e-05, 0.0007609193661215669]
causal update 2950 loss [0.00032559141982346773, 0.00020925018585096818, 8.421449502864276e-05, 0.000790394502334254]
causal update 3000 loss [0.00032535693026147783, 0.00017922711305756866, 8.415390127460163e-05, 0.0007354928301645738]
PAIR_COMPLETE 4a3c608bcbe728e1cb3695dcf5e5a1623ddcc79481c34c648810c6c1c0a85ef8
