{
  "passed": true,
  "evidence_audit_passed": true,
  "actual_controls": 303,
  "moving_controls": 53,
  "original_requested_controls": 1569,
  "context_condition": "causal",
  "features": 1323,
  "context_order": "incoming_previous_action23_then_pre_update_history300",
  "original_lifecycle_completed": false,
  "hold_completed": false,
  "release_subjects": {
    "direct_subject_sha256": {
      "fit_report": "6fe965333c6e6b6d819cd06057051deb406970e005bd9711b1b7e5facd2a8e6d",
      "checkpoint": "10d238198e2d7826c35eaa9bd4a13ff2e05050a7f601c1f212b585c4a90eaefd",
      "head": "d61915c1bf30b16431660134be6057855bbc7befeb620630a5b36dd506738f5c",
      "normalization": "e914676e8f506ceb9ee0811fb058d75bb43285dac22b6b478c828e34c4acfdb9",
      "training_manifest": "de1f083af0bbcda9dead1e3714e3c586a9e564bee26879072006c27c7ad2c050",
      "training_request": "5a09d441f47e58f7cde8301aee72c23d6d0432c09cbdd37f49e4e6c3ac079cfe",
      "export_manifest": "df6ce5e6e53be8f57c5c45b6a5c390c85ae23a50dc51230689ffbf7edfa6a5c5",
      "coefficient": "efed1fda38c0e4a68e6d6eba030f45c210a1cfc19206c8cb312d8167240f7bb9",
      "source_checkpoint": "8a1b67e09285a77910d62dd1b2214c8d3684004e55a82041544e750006b29a0a",
      "full_state_generation_request": "474d5e4a04f84702b8ada696560df4baf6a3ebfa3b0ffebb0c343d4da11ebde1",
      "full_state_generation_report": "68c9cd0ac47d59e2bb6d14269769b98f60ea6aa3a03298f82e4d164e140f4144",
      "full_state_data_audit": "6eae25bc3d212de13b0940dae11d85d1739aa1d26ce17c549b2b6d5a36f55564",
      "full_state_data_owner": "3f47a899d3e08ebb9d5a1ec514e395563dd677c4209a281f774f76401b401e43",
      "paired_report": "4a3c608bcbe728e1cb3695dcf5e5a1623ddcc79481c34c648810c6c1c0a85ef8",
      "shared_manifest": "b5455188cdc1a4da7a036e37982d8cd34a012859f1161b967ac0da0c4b265924",
      "context_alignment": "752c4832e39994c5a2dfc6c419e54e85675cdfdacb2c030d7c11a27d8ccb949d",
      "blinded_fit_report": "f153f42a1decb53ffb60b4d39ab471340d574b62786c0ee93a555d88f56b0f20",
      "causal_fit_report": "6fe965333c6e6b6d819cd06057051deb406970e005bd9711b1b7e5facd2a8e6d"
    },
    "runtime_launch_pins": 5241,
    "actual_runtime_sources": 36,
    "diagnostic_passed": false,
    "diagnostic_exit_code": 2
  },
  "exact_checks": 6967,
  "first_feature_departure": 251,
  "first_learned_target_clip": 253,
  "learned_clipped_commands": 46,
  "main_failure": {
    "reasons": [
      "native_joint_speed"
    ],
    "global_control": 302,
    "local_control": 302,
    "substep": 1,
    "time": 6.041999999999557,
    "range_excess": 0.0,
    "velocity_ratio": 1.0515709110397895,
    "effort_ratio": 1.0,
    "tilt": 0.45758805758326565,
    "clock_error": 0.0
  },
  "hold_failure": null,
  "fixed_maps": {
    "report_sha256": "0bd57e5fd8b1d280ec73832c10350e5ced52d51cae0b8d2d067ef01f1c73cc5a",
    "nominal_map_checks_exact": 53,
    "actual_map_evaluations": 53,
    "summary": {
      "all_actual_learned": {
        "rows": 53,
        "other35_larger_rows": 49,
        "raw_change_group_rms_rad": {
          "root_position": 0.6552607841066783,
          "root_rotation": 0.7248865703857285,
          "joint_position": 0.6772447553757046,
          "root_linear_velocity": 0.6541325264303208,
          "root_angular_velocity": 0.4970663765349137,
          "joint_velocity": 0.6275667778099132
        }
      },
      "departed": {
        "rows": 52,
        "other35_larger_rows": 49,
        "raw_change_group_rms_rad": {
          "root_position": 0.6615313651057214,
          "root_rotation": 0.7318234420328226,
          "joint_position": 0.6837257140989556,
          "root_linear_velocity": 0.660392310459182,
          "root_angular_velocity": 0.5018231009590868,
          "joint_velocity": 0.6335723383562083
        }
      },
      "departed_before_first_clip": {
        "rows": 2,
        "other35_larger_rows": 1,
        "raw_change_group_rms_rad": {
          "root_position": 0.008093341369402072,
          "root_rotation": 0.04323566957864257,
          "joint_position": 0.07877516082089754,
          "root_linear_velocity": 0.027520903175778766,
          "root_angular_velocity": 0.135256955891982,
          "joint_velocity": 0.08899053671715194
        }
      }
    },
    "unmapped_actual_controls": [],
    "requested_actual_controls": 53
  },
  "request_sha256": "8694708a3370fdd26e7f6f4dccb321a7c5afa1ba381a7f9df670511d953e6dcf",
  "trace_sha256": "589cbab8051ab9c1257049d62098248e7866b10e6c0eb085e73cbaf32d79082d",
  "actual_rows_sha256": "50a92952841b5ac4df15cf92f7d2b8ff779e8dc1206766c8d9831b1b31269360",
  "all_inputs_unchanged": true,
  "model_calls": 0,
  "BFM_calls": 0,
  "native_steps": 0,
  "optimizer_updates": 0,
  "replans": 0,
  "behavioral_qualification": false,
  "limitations": [
    "Saved semantic consistency and previously independent native replay do not qualify stability or real-time plant behavior.",
    "After departure, same-clock expert rows have different states; these comparisons are not replanned expert commands.",
    "Causal context consistency does not prove hidden-state sufficiency or attribute a rollout difference uniquely to history."
  ]
}
