################################################################################
[1m                             Learning iteration 0/2                             [0m 

                               Run name: original_core_920ms_fresh
                            Total steps: 32 
                       Steps per second: 5 
                        Collection time: 5.193s 
                          Learning time: 0.308s 
                        Mean value loss: 163.9225
                    Mean surrogate loss: -0.0403
                      Mean entropy loss: -20.3239
                        Mean action std: 0.10
--------------------------------------------------------------------------------
                         Iteration time: 5.50s
                           Time elapsed: 00:00:05
                                    ETA: 00:00:05

################################################################################
[1m                             Learning iteration 1/2                             [0m 

                               Run name: original_core_920ms_fresh
                            Total steps: 64 
                       Steps per second: 24 
                        Collection time: 1.147s 
                          Learning time: 0.150s 
                        Mean value loss: 147.3136
                    Mean surrogate loss: -0.0238
                      Mean entropy loss: -20.3239
                        Mean action std: 0.10
--------------------------------------------------------------------------------
                         Iteration time: 1.30s
                           Time elapsed: 00:00:06
                                    ETA: 00:00:00

