{"case": "evaluation0.hand_crawling.reference", "calls": 65, "cpu_fsq_differences": 0, "cuda_fsq_differences": 0, "history_max": 5.960464477539063e-08, "invalid_successful_substeps": 0}
{"case": "evaluation0.happy_dance.reference", "calls": 65, "cpu_fsq_differences": 0, "cuda_fsq_differences": 0, "history_max": 5.960464477539063e-08, "invalid_successful_substeps": 0}
{"case": "evaluation0.happy_dance.historical", "calls": 61, "cpu_fsq_differences": 0, "cuda_fsq_differences": 0, "history_max": 2.384185791015625e-07, "invalid_successful_substeps": 0}
{"case": "evaluation0.pico_upright_anchor.reference", "calls": 38, "cpu_fsq_differences": 0, "cuda_fsq_differences": 0, "history_max": 1.1920928955078125e-07, "invalid_successful_substeps": 0}
{"case": "evaluation0.pico_standing_anchor.reference", "calls": 38, "cpu_fsq_differences": 0, "cuda_fsq_differences": 0, "history_max": 1.1920928955078125e-07, "invalid_successful_substeps": 0}
{"case": "evaluation0.pico_crouch_anchor.reference", "calls": 26, "cpu_fsq_differences": 0, "cuda_fsq_differences": 0, "history_max": 1.1920928955078125e-07, "invalid_successful_substeps": 0}
{"case": "evaluation0.pico_twist2_walk_001.reference", "calls": 23, "cpu_fsq_differences": 0, "cuda_fsq_differences": 0, "history_max": 8.940696716308594e-08, "invalid_successful_substeps": 0}
{"case": "evaluation0.pico_twist2_walk_010.reference", "calls": 25, "cpu_fsq_differences": 0, "cuda_fsq_differences": 0, "history_max": 8.940696716308594e-08, "invalid_successful_substeps": 0}
{"case": "evaluation0.standing.reference", "calls": 500, "cpu_fsq_differences": 0, "cuda_fsq_differences": 0, "history_max": 5.960464477539063e-08, "invalid_successful_substeps": 0}
{"case": "evaluation0.standing.acquired", "calls": 500, "cpu_fsq_differences": 0, "cuda_fsq_differences": 0, "history_max": 2.384185791015625e-07, "invalid_successful_substeps": 0}
{"case": "evaluation1.hand_crawling.reference", "calls": 66, "cpu_fsq_differences": 0, "cuda_fsq_differences": 0, "history_max": 5.960464477539063e-08, "invalid_successful_substeps": 0}
{"case": "evaluation1.happy_dance.reference", "calls": 65, "cpu_fsq_differences": 0, "cuda_fsq_differences": 0, "history_max": 5.960464477539063e-08, "invalid_successful_substeps": 0}
{"case": "evaluation1.happy_dance.historical", "calls": 58, "cpu_fsq_differences": 0, "cuda_fsq_differences": 0, "history_max": 2.384185791015625e-07, "invalid_successful_substeps": 0}
{"case": "evaluation1.pico_upright_anchor.reference", "calls": 36, "cpu_fsq_differences": 0, "cuda_fsq_differences": 0, "history_max": 1.1920928955078125e-07, "invalid_successful_substeps": 0}
{"case": "evaluation1.pico_standing_anchor.reference", "calls": 34, "cpu_fsq_differences": 0, "cuda_fsq_differences": 0, "history_max": 1.1920928955078125e-07, "invalid_successful_substeps": 0}
{"case": "evaluation1.pico_crouch_anchor.reference", "calls": 27, "cpu_fsq_differences": 0, "cuda_fsq_differences": 0, "history_max": 2.384185791015625e-07, "invalid_successful_substeps": 0}
{"case": "evaluation1.pico_twist2_walk_001.reference", "calls": 23, "cpu_fsq_differences": 0, "cuda_fsq_differences": 0, "history_max": 8.940696716308594e-08, "invalid_successful_substeps": 0}
{"case": "evaluation1.pico_twist2_walk_010.reference", "calls": 25, "cpu_fsq_differences": 0, "cuda_fsq_differences": 0, "history_max": 8.940696716308594e-08, "invalid_successful_substeps": 0}
{"case": "evaluation1.standing.reference", "calls": 500, "cpu_fsq_differences": 0, "cuda_fsq_differences": 0, "history_max": 5.960464477539063e-08, "invalid_successful_substeps": 0}
{"case": "evaluation1.standing.acquired", "calls": 500, "cpu_fsq_differences": 0, "cuda_fsq_differences": 0, "history_max": 2.384185791015625e-07, "invalid_successful_substeps": 0}
