{
  "passed": true,
  "evidence_audit_passed": true,
  "actual_controls": 297,
  "moving_controls": 47,
  "original_requested_controls": 1569,
  "original_lifecycle_completed": false,
  "hold_completed": false,
  "release_subjects": {
    "direct_subject_sha256": {
      "fit_report": "7426d281be79c3610ef02ae8889c3ef66264da15a9667551d6bca4166a4beaea",
      "checkpoint": "8a1b67e09285a77910d62dd1b2214c8d3684004e55a82041544e750006b29a0a",
      "head": "045f04138610a06a0171a899d002cfa4f03e30e316dc9442199c833c16e43902",
      "normalization": "1baf7a2918fe2322ad0ef9583a29902eb7c3d8f8d37000c6bb9fd502d6746079",
      "training_manifest": "bbb67b48187dcead0dc0886496573447ffdd58582eaeb63f41a7fa947e922f18",
      "training_request": "0c3bbc4e8567f6dfc09dfe7d9cdfcdd8af5a56178ea112af3a647d84c48d0dea",
      "export_manifest": "290d72143d393728cd7bef4a7283c9fe8a9ab2960c3c0347a2eb2be56c235cc2",
      "coefficient": "efed1fda38c0e4a68e6d6eba030f45c210a1cfc19206c8cb312d8167240f7bb9",
      "source_checkpoint": "9ceef5099ebd154e08a1c2c3784c4e06021d464e607474548763665b24f8f9e7",
      "full_state_generation_request": "474d5e4a04f84702b8ada696560df4baf6a3ebfa3b0ffebb0c343d4da11ebde1",
      "full_state_generation_report": "68c9cd0ac47d59e2bb6d14269769b98f60ea6aa3a03298f82e4d164e140f4144",
      "full_state_data_audit": "6eae25bc3d212de13b0940dae11d85d1739aa1d26ce17c549b2b6d5a36f55564",
      "full_state_data_owner": "3f47a899d3e08ebb9d5a1ec514e395563dd677c4209a281f774f76401b401e43"
    },
    "runtime_launch_pins": 5233,
    "actual_runtime_sources": 32,
    "diagnostic_passed": false,
    "diagnostic_exit_code": 2
  },
  "exact_checks": 6772,
  "first_feature_departure": 251,
  "first_learned_target_clip": 257,
  "learned_clipped_commands": 30,
  "main_failure": {
    "reasons": [
      "native_joint_speed"
    ],
    "global_control": 296,
    "local_control": 296,
    "substep": 9,
    "time": 5.937999999999568,
    "range_excess": 0.0,
    "velocity_ratio": 1.0574050513825877,
    "effort_ratio": 1.0,
    "tilt": 0.1304036114103983,
    "clock_error": 0.0
  },
  "hold_failure": null,
  "fixed_maps": {
    "report_sha256": "cdef1aee0b4432f181a56d6e120b8ad18a15ef04e74bdf21cd18f0c93b26c445",
    "nominal_map_checks_exact": 47,
    "actual_map_evaluations": 47,
    "summary": {
      "all_actual_learned": {
        "rows": 47,
        "other35_larger_rows": 44,
        "raw_change_group_rms_rad": {
          "root_position": 0.28275213492652695,
          "root_rotation": 0.5174405261826692,
          "joint_position": 0.5130471387113822,
          "root_linear_velocity": 0.2889086577731026,
          "root_angular_velocity": 0.3636808163384892,
          "joint_velocity": 0.3839382366591295
        }
      },
      "departed": {
        "rows": 46,
        "other35_larger_rows": 44,
        "raw_change_group_rms_rad": {
          "root_position": 0.28580900360277534,
          "root_rotation": 0.5230346403941156,
          "joint_position": 0.5185937554616792,
          "root_linear_velocity": 0.29203208538744424,
          "root_angular_velocity": 0.36761261510600857,
          "joint_velocity": 0.3880890409300232
        }
      },
      "departed_before_first_clip": {
        "rows": 6,
        "other35_larger_rows": 5,
        "raw_change_group_rms_rad": {
          "root_position": 0.020517464011447627,
          "root_rotation": 0.11278660230172599,
          "joint_position": 0.09980456618683911,
          "root_linear_velocity": 0.05913410221496574,
          "root_angular_velocity": 0.1106274263469742,
          "joint_velocity": 0.11520665319381064
        }
      }
    }
  },
  "request_sha256": "bfb87d2c4dde5e058dd15795c25407d1bd5c914f89af60e62f5499511b4d4898",
  "trace_sha256": "8eade82c93fa9c3104fcbb5807bb598005e3e19c4c6865be548906ea4adc80d2",
  "actual_rows_sha256": "6739dbe6c2cb3e5b76992cf333af5870abd60b1ef97782b20b1fb8b3a14084fe",
  "all_inputs_unchanged": true,
  "model_calls": 0,
  "BFM_calls": 0,
  "native_steps": 0,
  "optimizer_updates": 0,
  "replans": 0,
  "behavioral_qualification": false,
  "limitations": [
    "Saved semantic consistency and previously independent native replay do not qualify stability or real-time plant behavior.",
    "After departure, same-clock expert rows have different states; these comparisons are not replanned expert commands.",
    "The direct1000 head omits action/history; history remains original BFM startup/terminal handoff bookkeeping."
  ]
}
