test_all_serialization_buffers_and_order (test_saved_audit.SavedAuditTests) ... ok
test_all_synthetic_fields_and_boundaries (test_saved_audit.SavedAuditTests) ... ok
test_api_accounting_rejects_computed_vs_checked_confusion (test_saved_audit.SavedAuditTests) ... ok
test_boundary_full291_warmstart_rejected (test_saved_audit.SavedAuditTests) ... ok
test_case_names_order_rejected (test_saved_audit.SavedAuditTests) ... ok
test_declared_warning_dtype_rejected (test_saved_audit.SavedAuditTests) ... ok
test_decode_offsets_and_owned_copy (test_saved_audit.SavedAuditTests) ... ok
test_entry_exit_identity (test_saved_audit.SavedAuditTests) ... ok
test_external_force_rejected (test_saved_audit.SavedAuditTests) ... ok
test_fault_capsule_and_return_bytes (test_saved_audit.SavedAuditTests) ... ok
test_mismatched_command_and_time_rejected (test_saved_audit.SavedAuditTests) ... ok
test_no_native_adapter_or_model_imports (test_saved_audit.SavedAuditTests) ... ok
test_reject_capture_schema_and_overlap (test_saved_audit.SavedAuditTests) ... ok
test_repeated_clock_not_ideal_product (test_saved_audit.SavedAuditTests) ... ok
test_typed_corrupt_bytes (test_saved_audit.SavedAuditTests) ... ok
test_typed_duplicate_dictionary (test_saved_audit.SavedAuditTests) ... ok
test_typed_nested_exact (test_saved_audit.SavedAuditTests) ... ok
test_typed_truncated_unknown_and_array_size (test_saved_audit.SavedAuditTests) ... ok

----------------------------------------------------------------------
Ran 18 tests in 0.022s

OK
