{
  "passed": true,
  "evidence_audit_passed": true,
  "actual_controls": 288,
  "moving_controls": 38,
  "original_requested_controls": 1569,
  "context_condition": "causal",
  "features": 1323,
  "context_order": "incoming_previous_action23_then_pre_update_history300",
  "original_lifecycle_completed": false,
  "hold_completed": false,
  "release_subjects": {
    "root_intent_sha256": "acbcad444f1a8a6ba58c2aac22aeb82bfa6615afa7bcd0317abb13fbd8d66a95",
    "direct_subject_sha256": {
      "fit_report": "f918f1dfe675aae01e25307d302ce6c54f599fb7f0f5d1fa3fd943a179b5aded",
      "checkpoint": "395aabf879c0a40b5187a4265ae850de49cfb62583e144145c1986d65402143d",
      "head": "c70e90adab31efd2abcebd9817bf3c3c1ecc84cde546e080f6367c710633423a",
      "normalization": "e914676e8f506ceb9ee0811fb058d75bb43285dac22b6b478c828e34c4acfdb9",
      "training_manifest": "e1423363c6af8e6e88c04f3cfaf507d29416167b1bafe81d408ddcd5088dba13",
      "training_request": "366c31139a99234d710037642b9f26124620ff6190501c41f293546a648c074e",
      "export_manifest": "43d54025749768fdffccc5472e3a1b27d7f80aa0af8a6b9b8c73e4dec99a5b7e",
      "coefficient": "efed1fda38c0e4a68e6d6eba030f45c210a1cfc19206c8cb312d8167240f7bb9",
      "source_checkpoint": "10d238198e2d7826c35eaa9bd4a13ff2e05050a7f601c1f212b585c4a90eaefd",
      "full_state_generation_request": "474d5e4a04f84702b8ada696560df4baf6a3ebfa3b0ffebb0c343d4da11ebde1",
      "full_state_generation_report": "68c9cd0ac47d59e2bb6d14269769b98f60ea6aa3a03298f82e4d164e140f4144",
      "full_state_data_audit": "6eae25bc3d212de13b0940dae11d85d1739aa1d26ce17c549b2b6d5a36f55564",
      "full_state_data_owner": "3f47a899d3e08ebb9d5a1ec514e395563dd677c4209a281f774f76401b401e43",
      "shared_manifest": "c5b7cca7bad27107b3ca73169a90d404ec8b53c3a286bf94578016c6e3b8a582",
      "context_alignment": "752c4832e39994c5a2dfc6c419e54e85675cdfdacb2c030d7c11a27d8ccb949d",
      "energy_source": "a9b7a2065d8f2d45a1c1a06dc4d5678c68df910f2ebfc6d098989274266d6cc8"
    },
    "runtime_launch_pins": 5242,
    "actual_runtime_sources": 37,
    "diagnostic_passed": false,
    "diagnostic_exit_code": 2
  },
  "exact_checks": 6658,
  "first_feature_departure": 251,
  "first_learned_target_clip": 253,
  "learned_clipped_commands": 23,
  "main_failure": {
    "reasons": [
      "native_joint_speed"
    ],
    "global_control": 287,
    "local_control": 287,
    "substep": 9,
    "time": 5.757999999999588,
    "range_excess": 0.0,
    "velocity_ratio": 1.007050521377067,
    "effort_ratio": 1.0,
    "tilt": 0.12593790091444806,
    "clock_error": 0.0
  },
  "hold_failure": null,
  "fixed_maps": {
    "report_sha256": "25496fa06178deba5e6b63dd83891845b0c519af5b5fba02c2d30a9468ee2e4b",
    "nominal_map_checks_exact": 38,
    "actual_map_evaluations": 38,
    "summary": {
      "all_actual_learned": {
        "rows": 38,
        "other35_larger_rows": 31,
        "raw_change_group_rms_rad": {
          "root_position": 0.12243017564341321,
          "root_rotation": 0.1934722425916402,
          "joint_position": 0.2992215993730518,
          "root_linear_velocity": 0.23335751061502777,
          "root_angular_velocity": 0.1758847575121237,
          "joint_velocity": 0.208750644905986
        }
      },
      "departed": {
        "rows": 37,
        "other35_larger_rows": 31,
        "raw_change_group_rms_rad": {
          "root_position": 0.12407360724062436,
          "root_rotation": 0.19606930164989458,
          "joint_position": 0.30323817640067924,
          "root_linear_velocity": 0.23648996635460184,
          "root_angular_velocity": 0.17824573238162922,
          "joint_velocity": 0.21155279236655902
        }
      },
      "departed_before_first_clip": {
        "rows": 2,
        "other35_larger_rows": 1,
        "raw_change_group_rms_rad": {
          "root_position": 0.008005254361995654,
          "root_rotation": 0.04300134510991858,
          "joint_position": 0.0784520746937426,
          "root_linear_velocity": 0.02556249711711011,
          "root_angular_velocity": 0.13728765325297776,
          "joint_velocity": 0.08952586056848537
        }
      }
    },
    "unmapped_actual_controls": [],
    "requested_actual_controls": 38
  },
  "request_sha256": "32a37553128a288f5fe36a937a47b757fe04e7131607a740f38e771598951cac",
  "trace_sha256": "78b2f9692b6de5d5d8b5310f9ac4e4803cc43a45532bb4ae0e79bea94f604801",
  "actual_rows_sha256": "52c2ccfb1c8334918173d2d6c1708fa2e17dcf25040924ca5f0fa7bd1a5c7a0b",
  "all_inputs_unchanged": true,
  "model_calls": 0,
  "BFM_calls": 0,
  "native_steps": 0,
  "optimizer_updates": 0,
  "replans": 0,
  "behavioral_qualification": false,
  "limitations": [
    "Saved semantic consistency and previously independent native replay do not qualify stability or real-time plant behavior.",
    "After departure, same-clock expert rows have different states; these comparisons are not replanned expert commands.",
    "Causal context consistency does not prove hidden-state sufficiency or attribute a rollout difference uniquely to history."
  ]
}
